Archive member included to satisfy reference by file (symbol)

/usr/lib/gcc/arm-none-eabi/10.3.1/../../../arm-none-eabi/lib/thumb/v7-m/nofp/libc_nano.a(lib_a-atexit.o)
                              /usr/lib/gcc/arm-none-eabi/10.3.1/../../../arm-none-eabi/lib/thumb/v7-m/nofp/crt0.o (atexit)
/usr/lib/gcc/arm-none-eabi/10.3.1/../../../arm-none-eabi/lib/thumb/v7-m/nofp/libc_nano.a(lib_a-exit.o)
                              /usr/lib/gcc/arm-none-eabi/10.3.1/../../../arm-none-eabi/lib/thumb/v7-m/nofp/crt0.o (exit)
/usr/lib/gcc/arm-none-eabi/10.3.1/../../../arm-none-eabi/lib/thumb/v7-m/nofp/libc_nano.a(lib_a-fini.o)
                              /usr/lib/gcc/arm-none-eabi/10.3.1/../../../arm-none-eabi/lib/thumb/v7-m/nofp/crt0.o (__libc_fini_array)
/usr/lib/gcc/arm-none-eabi/10.3.1/../../../arm-none-eabi/lib/thumb/v7-m/nofp/libc_nano.a(lib_a-impure.o)
                              /usr/lib/gcc/arm-none-eabi/10.3.1/../../../arm-none-eabi/lib/thumb/v7-m/nofp/libc_nano.a(lib_a-exit.o) (_global_impure_ptr)
/usr/lib/gcc/arm-none-eabi/10.3.1/../../../arm-none-eabi/lib/thumb/v7-m/nofp/libc_nano.a(lib_a-init.o)
                              /usr/lib/gcc/arm-none-eabi/10.3.1/../../../arm-none-eabi/lib/thumb/v7-m/nofp/crt0.o (__libc_init_array)
/usr/lib/gcc/arm-none-eabi/10.3.1/../../../arm-none-eabi/lib/thumb/v7-m/nofp/libc_nano.a(lib_a-memset.o)
                              /usr/lib/gcc/arm-none-eabi/10.3.1/../../../arm-none-eabi/lib/thumb/v7-m/nofp/crt0.o (memset)
/usr/lib/gcc/arm-none-eabi/10.3.1/../../../arm-none-eabi/lib/thumb/v7-m/nofp/libc_nano.a(lib_a-strlen-stub.o)
                              build/sim.o (strlen)
/usr/lib/gcc/arm-none-eabi/10.3.1/../../../arm-none-eabi/lib/thumb/v7-m/nofp/libc_nano.a(lib_a-strncmp.o)
                              build/sim.o (strncmp)
/usr/lib/gcc/arm-none-eabi/10.3.1/../../../arm-none-eabi/lib/thumb/v7-m/nofp/libc_nano.a(lib_a-__atexit.o)
                              /usr/lib/gcc/arm-none-eabi/10.3.1/../../../arm-none-eabi/lib/thumb/v7-m/nofp/libc_nano.a(lib_a-atexit.o) (__register_exitproc)
/usr/lib/gcc/arm-none-eabi/10.3.1/../../../arm-none-eabi/lib/thumb/v7-m/nofp/libc_nano.a(lib_a-__call_atexit.o)
                              /usr/lib/gcc/arm-none-eabi/10.3.1/../../../arm-none-eabi/lib/thumb/v7-m/nofp/libc_nano.a(lib_a-__atexit.o) (__call_exitprocs)
/usr/lib/gcc/arm-none-eabi/10.3.1/../../../arm-none-eabi/lib/thumb/v7-m/nofp/libnosys.a(_exit.o)
                              /usr/lib/gcc/arm-none-eabi/10.3.1/../../../arm-none-eabi/lib/thumb/v7-m/nofp/libc_nano.a(lib_a-exit.o) (_exit)

Discarded input sections

 .text          0x0000000000000000        0x0 /usr/lib/gcc/arm-none-eabi/10.3.1/thumb/v7-m/nofp/crti.o
 .data          0x0000000000000000        0x0 /usr/lib/gcc/arm-none-eabi/10.3.1/thumb/v7-m/nofp/crti.o
 .bss           0x0000000000000000        0x0 /usr/lib/gcc/arm-none-eabi/10.3.1/thumb/v7-m/nofp/crti.o
 .data          0x0000000000000000        0x4 /usr/lib/gcc/arm-none-eabi/10.3.1/thumb/v7-m/nofp/crtbegin.o
 .rodata        0x0000000000000000       0x24 /usr/lib/gcc/arm-none-eabi/10.3.1/thumb/v7-m/nofp/crtbegin.o
 .text          0x0000000000000000       0x70 /usr/lib/gcc/arm-none-eabi/10.3.1/../../../arm-none-eabi/lib/thumb/v7-m/nofp/crt0.o
 .data          0x0000000000000000        0x0 /usr/lib/gcc/arm-none-eabi/10.3.1/../../../arm-none-eabi/lib/thumb/v7-m/nofp/crt0.o
 .bss           0x0000000000000000        0x0 /usr/lib/gcc/arm-none-eabi/10.3.1/../../../arm-none-eabi/lib/thumb/v7-m/nofp/crt0.o
 .ARM.extab     0x0000000000000000        0x0 /usr/lib/gcc/arm-none-eabi/10.3.1/../../../arm-none-eabi/lib/thumb/v7-m/nofp/crt0.o
 .ARM.exidx     0x0000000000000000       0x10 /usr/lib/gcc/arm-none-eabi/10.3.1/../../../arm-none-eabi/lib/thumb/v7-m/nofp/crt0.o
 .debug_line    0x0000000000000000       0x87 /usr/lib/gcc/arm-none-eabi/10.3.1/../../../arm-none-eabi/lib/thumb/v7-m/nofp/crt0.o
 .debug_info    0x0000000000000000       0x26 /usr/lib/gcc/arm-none-eabi/10.3.1/../../../arm-none-eabi/lib/thumb/v7-m/nofp/crt0.o
 .debug_abbrev  0x0000000000000000       0x14 /usr/lib/gcc/arm-none-eabi/10.3.1/../../../arm-none-eabi/lib/thumb/v7-m/nofp/crt0.o
 .debug_aranges
                0x0000000000000000       0x20 /usr/lib/gcc/arm-none-eabi/10.3.1/../../../arm-none-eabi/lib/thumb/v7-m/nofp/crt0.o
 .debug_str     0x0000000000000000       0x94 /usr/lib/gcc/arm-none-eabi/10.3.1/../../../arm-none-eabi/lib/thumb/v7-m/nofp/crt0.o
 .ARM.attributes
                0x0000000000000000       0x1b /usr/lib/gcc/arm-none-eabi/10.3.1/../../../arm-none-eabi/lib/thumb/v7-m/nofp/crt0.o
 .text          0x0000000000000000        0x0 build/timer.o
 .data          0x0000000000000000        0x0 build/timer.o
 .bss           0x0000000000000000        0x0 build/timer.o
 .text.MX_TIM1_Init
                0x0000000000000000       0x70 build/timer.o
 .text.MX_TIM3_Init
                0x0000000000000000       0x70 build/timer.o
 .text.HAL_TIM_Base_MspInit
[...]
Memory Configuration

Name             Origin             Length             Attributes
RAM              0x0000000020000000 0x0000000000005000 xrw
FLASH            0x0000000008000000 0x0000000000020000 xr
*default*        0x0000000000000000 0xffffffffffffffff

Linker script and memory map

LOAD /usr/lib/gcc/arm-none-eabi/10.3.1/thumb/v7-m/nofp/crti.o
LOAD /usr/lib/gcc/arm-none-eabi/10.3.1/thumb/v7-m/nofp/crtbegin.o
LOAD /usr/lib/gcc/arm-none-eabi/10.3.1/../../../arm-none-eabi/lib/thumb/v7-m/nofp/crt0.o
LOAD build/timer.o
LOAD build/clock_master.o
LOAD build/gpio.o
LOAD build/adc.o
LOAD build/wdt.o
LOAD build/i2c.o
LOAD build/uart.o
LOAD build/spi.o
LOAD build/sim.o
LOAD build/debug.o
LOAD build/rtc.o
LOAD build/main.o
LOAD build/stm32f1xx_it.o
LOAD build/stm32f1xx_hal_msp.o
LOAD build/stm32f1xx_hal_gpio_ex.o
LOAD build/stm32f1xx_hal_spi.o
LOAD build/stm32f1xx_hal.o
LOAD build/stm32f1xx_hal_rcc.o
LOAD build/stm32f1xx_hal_rcc_ex.o
LOAD build/stm32f1xx_hal_gpio.o
LOAD build/stm32f1xx_hal_dma.o
LOAD build/stm32f1xx_hal_cortex.o
LOAD build/stm32f1xx_hal_pwr.o
LOAD build/stm32f1xx_hal_flash.o
LOAD build/stm32f1xx_hal_flash_ex.o
LOAD build/stm32f1xx_hal_exti.o
LOAD build/stm32f1xx_hal_tim.o
LOAD build/stm32f1xx_hal_tim_ex.o
LOAD build/stm32f1xx_hal_uart.o
LOAD build/system_stm32f1xx.o
LOAD build/stm32f1xx_hal_adc.o
LOAD build/stm32f1xx_hal_adc_ex.o
LOAD build/stm32f1xx_hal_i2c.o
LOAD build/stm32f1xx_hal_iwdg.o
LOAD build/stm32f1xx_hal_rtc.o
LOAD build/stm32f1xx_hal_rtc_ex.o
LOAD build/startup_stm32f103xb.o
LOAD /usr/lib/gcc/arm-none-eabi/10.3.1/../../../arm-none-eabi/lib/thumb/v7-m/nofp/libc_nano.a
LOAD /usr/lib/gcc/arm-none-eabi/10.3.1/../../../arm-none-eabi/lib/thumb/v7-m/nofp/libm.a
LOAD /usr/lib/gcc/arm-none-eabi/10.3.1/../../../arm-none-eabi/lib/thumb/v7-m/nofp/libnosys.a
START GROUP
LOAD /usr/lib/gcc/arm-none-eabi/10.3.1/thumb/v7-m/nofp/libgcc.a
LOAD /usr/lib/gcc/arm-none-eabi/10.3.1/../../../arm-none-eabi/lib/thumb/v7-m/nofp/libc_nano.a
END GROUP
START GROUP
LOAD /usr/lib/gcc/arm-none-eabi/10.3.1/thumb/v7-m/nofp/libgcc.a
LOAD /usr/lib/gcc/arm-none-eabi/10.3.1/../../../arm-none-eabi/lib/thumb/v7-m/nofp/libc_nano.a
END GROUP
LOAD /usr/lib/gcc/arm-none-eabi/10.3.1/thumb/v7-m/nofp/crtend.o
LOAD /usr/lib/gcc/arm-none-eabi/10.3.1/thumb/v7-m/nofp/crtn.o
                0x0000000020005000                _estack = (ORIGIN (RAM) + LENGTH (RAM))
                0x0000000000000200                _Min_Heap_Size = 0x200
                0x0000000000000400                _Min_Stack_Size = 0x400

.isr_vector     0x0000000008000000      0x10c
                0x0000000008000000                . = ALIGN (0x4)
 *(.isr_vector)
 .isr_vector    0x0000000008000000      0x10c build/startup_stm32f103xb.o
                0x0000000008000000                g_pfnVectors
                0x000000000800010c                . = ALIGN (0x4)

.text           0x000000000800010c     0x1ac4
                0x000000000800010c                . = ALIGN (0x4)
 *(.text)
 .text          0x000000000800010c       0x88 /usr/lib/gcc/arm-none-eabi/10.3.1/thumb/v7-m/nofp/crtbegin.o
 .text          0x0000000008000194       0x48 /usr/lib/gcc/arm-none-eabi/10.3.1/../../../arm-none-eabi/lib/thumb/v7-m/nofp/libc_nano.a(lib_a-init.o)
                0x0000000008000194                __libc_init_array
 .text          0x00000000080001dc       0xa4 /usr/lib/gcc/arm-none-eabi/10.3.1/../../../arm-none-eabi/lib/thumb/v7-m/nofp/libc_nano.a(lib_a-memset.o)
                0x00000000080001dc                memset
 .text          0x0000000008000280       0x5c /usr/lib/gcc/arm-none-eabi/10.3.1/../../../arm-none-eabi/lib/thumb/v7-m/nofp/libc_nano.a(lib_a-strlen-stub.o)
                0x0000000008000280                strlen
 .text          0x00000000080002dc       0x7c /usr/lib/gcc/arm-none-eabi/10.3.1/../../../arm-none-eabi/lib/thumb/v7-m/nofp/libc_nano.a(lib_a-strncmp.o)
                0x00000000080002dc                strncmp
 *(.text*)
 .text.TIM1_UP_IRQHandler
                0x0000000008000358       0x10 build/timer.o
                0x0000000008000358                TIM1_UP_IRQHandler
 .text.TIM3_IRQHandler
                0x0000000008000368       0x10 build/timer.o
                0x0000000008000368                TIM3_IRQHandler
 .text.clock_master_set
                0x0000000008000378       0x7e build/clock_master.o
                0x0000000008000378                clock_master_set
 *fill*         0x00000000080003f6        0x2 
 .text.MX_GPIO_Init
                0x00000000080003f8       0xe8 build/gpio.o
                0x00000000080003f8                MX_GPIO_Init
 .text.EXTI15_10_IRQHandler
                0x00000000080004e0        0xc build/gpio.o
                0x00000000080004e0                EXTI15_10_IRQHandler
 .text.MX_USART1_UART_Init
                0x00000000080004ec       0x34 build/uart.o
                0x00000000080004ec                MX_USART1_UART_Init
 .text.MX_USART2_UART_Init
                0x0000000008000520       0x34 build/uart.o
                0x0000000008000520                MX_USART2_UART_Init
 .text.HAL_UART_MspInit
                0x0000000008000554       0xd4 build/uart.o
                0x0000000008000554                HAL_UART_MspInit
 .text.check_response
                0x0000000008000628       0x30 build/sim.o
 .text.sim_init
                0x0000000008000658        0x8 build/sim.o
                0x0000000008000658                sim_init
 .text.send_command
                0x0000000008000660       0x98 build/sim.o
                0x0000000008000660                send_command
 .text.sim_version
                0x00000000080006f8       0x28 build/sim.o
                0x00000000080006f8                sim_version
 .text.sim_echo_off
                0x0000000008000720       0x28 build/sim.o
                0x0000000008000720                sim_echo_off
 .text.sim_mqtt_connect
                0x0000000008000748       0x30 build/sim.o
                0x0000000008000748                sim_mqtt_connect
 .text.sim_4g_connect
                0x0000000008000778       0x1c build/sim.o
                0x0000000008000778                sim_4g_connect
 .text.sim_sleep
                0x0000000008000794       0x1c build/sim.o
                0x0000000008000794                sim_sleep
 .text.sim_resumen
                0x00000000080007b0       0x1c build/sim.o
                0x00000000080007b0                sim_resumen
 .text.debug_init
                0x00000000080007cc        0x8 build/debug.o
                0x00000000080007cc                debug_init
 .text.debug_print
                0x00000000080007d4       0x1c build/debug.o
                0x00000000080007d4                debug_print
 .text.RTC_IRQHandler
                0x00000000080007f0       0x10 build/rtc.o
                0x00000000080007f0                RTC_IRQHandler
 .text.init_peripherals
                0x0000000008000800        0xc build/main.o
 .text.init_pins_sim
                0x000000000800080c       0x30 build/main.o
 .text.deinit_pins_sim
                0x000000000800083c       0x30 build/main.o
 .text.main     0x000000000800086c       0x80 build/main.o
                0x000000000800086c                main
 .text.HAL_TIM_PeriodElapsedCallback
                0x00000000080008ec        0x2 build/main.o
                0x00000000080008ec                HAL_TIM_PeriodElapsedCallback
 .text.Error_Handler
                0x00000000080008ee        0x4 build/main.o
                0x00000000080008ee                Error_Handler
 .text.NMI_Handler
                0x00000000080008f2        0x2 build/stm32f1xx_it.o
                0x00000000080008f2                NMI_Handler
 .text.HardFault_Handler
                0x00000000080008f4        0x2 build/stm32f1xx_it.o
                0x00000000080008f4                HardFault_Handler
 .text.MemManage_Handler
                0x00000000080008f6        0x2 build/stm32f1xx_it.o
                0x00000000080008f6                MemManage_Handler
 .text.BusFault_Handler
                0x00000000080008f8        0x2 build/stm32f1xx_it.o
                0x00000000080008f8                BusFault_Handler
 .text.UsageFault_Handler
                0x00000000080008fa        0x2 build/stm32f1xx_it.o
                0x00000000080008fa                UsageFault_Handler
 .text.SVC_Handler
                0x00000000080008fc        0x2 build/stm32f1xx_it.o
                0x00000000080008fc                SVC_Handler
 .text.DebugMon_Handler
                0x00000000080008fe        0x2 build/stm32f1xx_it.o
                0x00000000080008fe                DebugMon_Handler
 .text.PendSV_Handler
                0x0000000008000900        0x2 build/stm32f1xx_it.o
                0x0000000008000900                PendSV_Handler
 .text.SysTick_Handler
                0x0000000008000902        0x8 build/stm32f1xx_it.o
                0x0000000008000902                SysTick_Handler
 *fill*         0x000000000800090a        0x2 
 .text.HAL_MspInit
                0x000000000800090c       0x44 build/stm32f1xx_hal_msp.o
                0x000000000800090c                HAL_MspInit
 .text.HAL_InitTick
                0x0000000008000950       0x4c build/stm32f1xx_hal.o
                0x0000000008000950                HAL_InitTick
 .text.HAL_Init
                0x000000000800099c       0x24 build/stm32f1xx_hal.o
                0x000000000800099c                HAL_Init
 .text.HAL_IncTick
                0x00000000080009c0       0x18 build/stm32f1xx_hal.o
                0x00000000080009c0                HAL_IncTick
 .text.HAL_GetTick
                0x00000000080009d8        0xc build/stm32f1xx_hal.o
                0x00000000080009d8                HAL_GetTick
 .text.HAL_Delay
                0x00000000080009e4       0x28 build/stm32f1xx_hal.o
                0x00000000080009e4                HAL_Delay
 .text.RCC_Delay
                0x0000000008000a0c       0x2c build/stm32f1xx_hal_rcc.o
 .text.HAL_RCC_OscConfig
                0x0000000008000a38      0x410 build/stm32f1xx_hal_rcc.o
                0x0000000008000a38                HAL_RCC_OscConfig
 .text.HAL_RCC_GetSysClockFreq
                0x0000000008000e48       0x70 build/stm32f1xx_hal_rcc.o
                0x0000000008000e48                HAL_RCC_GetSysClockFreq
 .text.HAL_RCC_ClockConfig
                0x0000000008000eb8      0x16c build/stm32f1xx_hal_rcc.o
                0x0000000008000eb8                HAL_RCC_ClockConfig
 .text.HAL_RCC_GetHCLKFreq
                0x0000000008001024        0xc build/stm32f1xx_hal_rcc.o
                0x0000000008001024                HAL_RCC_GetHCLKFreq
 .text.HAL_RCC_GetPCLK1Freq
                0x0000000008001030       0x20 build/stm32f1xx_hal_rcc.o
                0x0000000008001030                HAL_RCC_GetPCLK1Freq
 .text.HAL_RCC_GetPCLK2Freq
                0x0000000008001050       0x20 build/stm32f1xx_hal_rcc.o
                0x0000000008001050                HAL_RCC_GetPCLK2Freq
 .text.HAL_RCCEx_PeriphCLKConfig
                0x0000000008001070      0x118 build/stm32f1xx_hal_rcc_ex.o
                0x0000000008001070                HAL_RCCEx_PeriphCLKConfig
 .text.HAL_GPIO_Init
                0x0000000008001188      0x224 build/stm32f1xx_hal_gpio.o
                0x0000000008001188                HAL_GPIO_Init
 .text.HAL_GPIO_WritePin
                0x00000000080013ac        0xc build/stm32f1xx_hal_gpio.o
                0x00000000080013ac                HAL_GPIO_WritePin
 .text.HAL_GPIO_EXTI_Callback
                0x00000000080013b8        0x2 build/stm32f1xx_hal_gpio.o
                0x00000000080013b8                HAL_GPIO_EXTI_Callback
 *fill*         0x00000000080013ba        0x2 
 .text.HAL_GPIO_EXTI_IRQHandler
                0x00000000080013bc       0x1c build/stm32f1xx_hal_gpio.o
                0x00000000080013bc                HAL_GPIO_EXTI_IRQHandler
 .text.HAL_DMA_Abort_IT
                0x00000000080013d8       0x98 build/stm32f1xx_hal_dma.o
                0x00000000080013d8                HAL_DMA_Abort_IT
 .text.HAL_NVIC_SetPriorityGrouping
                0x0000000008001470       0x24 build/stm32f1xx_hal_cortex.o
                0x0000000008001470                HAL_NVIC_SetPriorityGrouping
 .text.HAL_NVIC_SetPriority
                0x0000000008001494       0x70 build/stm32f1xx_hal_cortex.o
                0x0000000008001494                HAL_NVIC_SetPriority
 .text.HAL_NVIC_EnableIRQ
                0x0000000008001504       0x1c build/stm32f1xx_hal_cortex.o
                0x0000000008001504                HAL_NVIC_EnableIRQ
 .text.HAL_SYSTICK_Config
                0x0000000008001520       0x28 build/stm32f1xx_hal_cortex.o
                0x0000000008001520                HAL_SYSTICK_Config
 .text.HAL_TIM_OC_DelayElapsedCallback
                0x0000000008001548        0x2 build/stm32f1xx_hal_tim.o
                0x0000000008001548                HAL_TIM_OC_DelayElapsedCallback
 .text.HAL_TIM_IC_CaptureCallback
                0x000000000800154a        0x2 build/stm32f1xx_hal_tim.o
                0x000000000800154a                HAL_TIM_IC_CaptureCallback
 .text.HAL_TIM_PWM_PulseFinishedCallback
                0x000000000800154c        0x2 build/stm32f1xx_hal_tim.o
                0x000000000800154c                HAL_TIM_PWM_PulseFinishedCallback
 .text.HAL_TIM_TriggerCallback
                0x000000000800154e        0x2 build/stm32f1xx_hal_tim.o
                0x000000000800154e                HAL_TIM_TriggerCallback
 .text.HAL_TIM_IRQHandler
                0x0000000008001550      0x17a build/stm32f1xx_hal_tim.o
                0x0000000008001550                HAL_TIM_IRQHandler
 .text.HAL_TIMEx_CommutCallback
                0x00000000080016ca        0x2 build/stm32f1xx_hal_tim_ex.o
                0x00000000080016ca                HAL_TIMEx_CommutCallback
 .text.HAL_TIMEx_BreakCallback
                0x00000000080016cc        0x2 build/stm32f1xx_hal_tim_ex.o
                0x00000000080016cc                HAL_TIMEx_BreakCallback
 *fill*         0x00000000080016ce        0x2 
 .text.UART_SetConfig
                0x00000000080016d0       0x94 build/stm32f1xx_hal_uart.o
 .text.UART_WaitOnFlagUntilTimeout
                0x0000000008001764       0x6c build/stm32f1xx_hal_uart.o
 .text.HAL_UART_Init
                0x00000000080017d0       0x5e build/stm32f1xx_hal_uart.o
                0x00000000080017d0                HAL_UART_Init
 .text.HAL_UART_Transmit
                0x000000000800182e       0xd8 build/stm32f1xx_hal_uart.o
                0x000000000800182e                HAL_UART_Transmit
 .text.HAL_UART_Receive
                0x0000000008001906       0xe4 build/stm32f1xx_hal_uart.o
                0x0000000008001906                HAL_UART_Receive
 .text.HAL_UART_AbortCpltCallback
                0x00000000080019ea        0x2 build/stm32f1xx_hal_uart.o
                0x00000000080019ea                HAL_UART_AbortCpltCallback
 .text.HAL_UART_Abort_IT
                0x00000000080019ec       0xdc build/stm32f1xx_hal_uart.o
                0x00000000080019ec                HAL_UART_Abort_IT
 .text.UART_DMARxAbortCallback
                0x0000000008001ac8       0x2c build/stm32f1xx_hal_uart.o
 .text.UART_DMATxAbortCallback
                0x0000000008001af4       0x2c build/stm32f1xx_hal_uart.o
 .text.SystemInit
                0x0000000008001b20        0x2 build/system_stm32f1xx.o
                0x0000000008001b20                SystemInit
 .text.HAL_RTCEx_RTCEventCallback
                0x0000000008001b22        0x2 build/stm32f1xx_hal_rtc_ex.o
                0x0000000008001b22                HAL_RTCEx_RTCEventCallback
 .text.HAL_RTCEx_RTCEventErrorCallback
                0x0000000008001b24        0x2 build/stm32f1xx_hal_rtc_ex.o
                0x0000000008001b24                HAL_RTCEx_RTCEventErrorCallback
 .text.HAL_RTCEx_RTCIRQHandler
                0x0000000008001b26       0x46 build/stm32f1xx_hal_rtc_ex.o
                0x0000000008001b26                HAL_RTCEx_RTCIRQHandler
 .text.Reset_Handler
                0x0000000008001b6c       0x48 build/startup_stm32f103xb.o
                0x0000000008001b6c                Reset_Handler
 .text.Default_Handler
                0x0000000008001bb4        0x2 build/startup_stm32f103xb.o
                0x0000000008001bb4                RTC_Alarm_IRQHandler
                0x0000000008001bb4                EXTI2_IRQHandler
                0x0000000008001bb4                TIM1_CC_IRQHandler
                0x0000000008001bb4                PVD_IRQHandler
                0x0000000008001bb4                EXTI3_IRQHandler
                0x0000000008001bb4                EXTI0_IRQHandler
                0x0000000008001bb4                I2C2_EV_IRQHandler
                0x0000000008001bb4                ADC1_2_IRQHandler
                0x0000000008001bb4                SPI1_IRQHandler
                0x0000000008001bb4                TAMPER_IRQHandler
                0x0000000008001bb4                DMA1_Channel4_IRQHandler
                0x0000000008001bb4                USART3_IRQHandler
                0x0000000008001bb4                DMA1_Channel7_IRQHandler
                0x0000000008001bb4                CAN1_RX1_IRQHandler
                0x0000000008001bb4                TIM4_IRQHandler
                0x0000000008001bb4                I2C1_EV_IRQHandler
                0x0000000008001bb4                DMA1_Channel6_IRQHandler
                0x0000000008001bb4                RCC_IRQHandler
                0x0000000008001bb4                TIM1_TRG_COM_IRQHandler
                0x0000000008001bb4                DMA1_Channel1_IRQHandler
                0x0000000008001bb4                Default_Handler
                0x0000000008001bb4                EXTI9_5_IRQHandler
                0x0000000008001bb4                SPI2_IRQHandler
                0x0000000008001bb4                DMA1_Channel5_IRQHandler
                0x0000000008001bb4                EXTI4_IRQHandler
                0x0000000008001bb4                USB_LP_CAN1_RX0_IRQHandler
                0x0000000008001bb4                USB_HP_CAN1_TX_IRQHandler
                0x0000000008001bb4                DMA1_Channel3_IRQHandler
                0x0000000008001bb4                WWDG_IRQHandler
                0x0000000008001bb4                TIM2_IRQHandler
                0x0000000008001bb4                TIM1_BRK_IRQHandler
                0x0000000008001bb4                EXTI1_IRQHandler
                0x0000000008001bb4                USART2_IRQHandler
                0x0000000008001bb4                I2C2_ER_IRQHandler
                0x0000000008001bb4                DMA1_Channel2_IRQHandler
                0x0000000008001bb4                CAN1_SCE_IRQHandler
                0x0000000008001bb4                FLASH_IRQHandler
                0x0000000008001bb4                USART1_IRQHandler
                0x0000000008001bb4                I2C1_ER_IRQHandler
                0x0000000008001bb4                USBWakeUp_IRQHandler
 *(.glue_7)
 .glue_7        0x0000000008001bb6        0x0 linker stubs
 *(.glue_7t)
 .glue_7t       0x0000000008001bb6        0x0 linker stubs
 *(.eh_frame)
 *fill*         0x0000000008001bb6        0x2 
 .eh_frame      0x0000000008001bb8        0x0 /usr/lib/gcc/arm-none-eabi/10.3.1/thumb/v7-m/nofp/crtbegin.o
 *(.init)
 .init          0x0000000008001bb8        0x4 /usr/lib/gcc/arm-none-eabi/10.3.1/thumb/v7-m/nofp/crti.o
                0x0000000008001bb8                _init
 .init          0x0000000008001bbc        0x8 /usr/lib/gcc/arm-none-eabi/10.3.1/thumb/v7-m/nofp/crtn.o
 *(.fini)
 .fini          0x0000000008001bc4        0x4 /usr/lib/gcc/arm-none-eabi/10.3.1/thumb/v7-m/nofp/crti.o
                0x0000000008001bc4                _fini
 .fini          0x0000000008001bc8        0x8 /usr/lib/gcc/arm-none-eabi/10.3.1/thumb/v7-m/nofp/crtn.o
                0x0000000008001bd0                . = ALIGN (0x4)
                0x0000000008001bd0                _etext = .

.vfp11_veneer   0x0000000008001bd0        0x0
 .vfp11_veneer  0x0000000008001bd0        0x0 linker stubs

.v4_bx          0x0000000008001bd0        0x0
 .v4_bx         0x0000000008001bd0        0x0 linker stubs

.iplt           0x0000000008001bd0        0x0
 .iplt          0x0000000008001bd0        0x0 /usr/lib/gcc/arm-none-eabi/10.3.1/thumb/v7-m/nofp/crtbegin.o

.rodata         0x0000000008001bd0      0x178
                0x0000000008001bd0                . = ALIGN (0x4)
 *(.rodata)
 *(.rodata*)
 .rodata.send_command.str1.4
                0x0000000008001bd0       0x21 build/sim.o
                                         0x25 (size before relaxing)
 *fill*         0x0000000008001bf1        0x3 
 .rodata.sim_version.str1.4
                0x0000000008001bf4        0xe build/sim.o
 *fill*         0x0000000008001c02        0x2 
 .rodata.sim_echo_off.str1.4
                0x0000000008001c04        0x7 build/sim.o
 *fill*         0x0000000008001c0b        0x1 
 .rodata.sim_mqtt_connect.str1.4
                0x0000000008001c0c       0x36 build/sim.o
 *fill*         0x0000000008001c42        0x2 
 .rodata.sim_4g_connect.str1.4
                0x0000000008001c44       0x36 build/sim.o
 *fill*         0x0000000008001c7a        0x2 
 .rodata.sim_sleep.str1.4
                0x0000000008001c7c       0x23 build/sim.o
 *fill*         0x0000000008001c9f        0x1 
 .rodata.sim_resumen.str1.4
                0x0000000008001ca0        0xe build/sim.o
 *fill*         0x0000000008001cae        0x2 
 .rodata.main.str1.4
                0x0000000008001cb0       0x6b build/main.o
 *fill*         0x0000000008001d1b        0x1 
 .rodata.HAL_RCC_GetSysClockFreq.str1.4
                0x0000000008001d1c       0x11 build/stm32f1xx_hal_rcc.o
 *fill*         0x0000000008001d2d        0x3 
 .rodata.AHBPrescTable
                0x0000000008001d30       0x10 build/system_stm32f1xx.o
                0x0000000008001d30                AHBPrescTable
 .rodata.APBPrescTable
                0x0000000008001d40        0x8 build/system_stm32f1xx.o
                0x0000000008001d40                APBPrescTable
                0x0000000008001d48                . = ALIGN (0x4)

.rel.dyn        0x0000000008001d48        0x0
 .rel.iplt      0x0000000008001d48        0x0 /usr/lib/gcc/arm-none-eabi/10.3.1/thumb/v7-m/nofp/crtbegin.o

.ARM.extab
 *(.ARM.extab* .gnu.linkonce.armextab.*)

.ARM            0x0000000008001d48        0x0
                0x0000000008001d48                __exidx_start = .
 *(.ARM.exidx*)
                0x0000000008001d48                __exidx_end = .

.preinit_array  0x0000000008001d48        0x0
                0x0000000008001d48                PROVIDE (__preinit_array_start = .)
 *(.preinit_array*)
                0x0000000008001d48                PROVIDE (__preinit_array_end = .)

.init_array     0x0000000008001d48        0x4
                0x0000000008001d48                PROVIDE (__init_array_start = .)
 *(SORT_BY_NAME(.init_array.*))
 *(.init_array*)
 .init_array    0x0000000008001d48        0x4 /usr/lib/gcc/arm-none-eabi/10.3.1/thumb/v7-m/nofp/crtbegin.o
                0x0000000008001d4c                PROVIDE (__init_array_end = .)

.fini_array     0x0000000008001d4c        0x4
                0x0000000008001d4c                PROVIDE (__fini_array_start = .)
 *(SORT_BY_NAME(.fini_array.*))
 *(.fini_array*)
 .fini_array    0x0000000008001d4c        0x4 /usr/lib/gcc/arm-none-eabi/10.3.1/thumb/v7-m/nofp/crtbegin.o
                0x0000000008001d50                PROVIDE (__fini_array_end = .)
                0x0000000008001d50                _sidata = LOADADDR (.data)

.data           0x0000000020000000        0xc load address 0x0000000008001d50
                0x0000000020000000                . = ALIGN (0x4)
                0x0000000020000000                _sdata = .
 *(.data)
 *(.data*)
 .data.uwTickFreq
                0x0000000020000000        0x1 build/stm32f1xx_hal.o
                0x0000000020000000                uwTickFreq
 *fill*         0x0000000020000001        0x3 
 .data.uwTickPrio
                0x0000000020000004        0x4 build/stm32f1xx_hal.o
                0x0000000020000004                uwTickPrio
 .data.SystemCoreClock
                0x0000000020000008        0x4 build/system_stm32f1xx.o
                0x0000000020000008                SystemCoreClock
                0x000000002000000c                . = ALIGN (0x4)
                0x000000002000000c                _edata = .

.tm_clone_table
                0x000000002000000c        0x0 load address 0x0000000008001d5c
 .tm_clone_table
                0x000000002000000c        0x0 /usr/lib/gcc/arm-none-eabi/10.3.1/thumb/v7-m/nofp/crtbegin.o
 .tm_clone_table
                0x000000002000000c        0x0 /usr/lib/gcc/arm-none-eabi/10.3.1/thumb/v7-m/nofp/crtend.o

.igot.plt       0x000000002000000c        0x0 load address 0x0000000008001d5c
 .igot.plt      0x000000002000000c        0x0 /usr/lib/gcc/arm-none-eabi/10.3.1/thumb/v7-m/nofp/crtbegin.o
                0x000000002000000c                . = ALIGN (0x4)

.bss            0x000000002000000c      0x214 load address 0x0000000008001d5c
                0x000000002000000c                _sbss = .
                0x000000002000000c                __bss_start__ = _sbss
 *(.bss)
 .bss           0x000000002000000c       0x1c /usr/lib/gcc/arm-none-eabi/10.3.1/thumb/v7-m/nofp/crtbegin.o
 *(.bss*)
 .bss.htim1     0x0000000020000028       0x48 build/timer.o
                0x0000000020000028                htim1
 .bss.htim3     0x0000000020000070       0x48 build/timer.o
                0x0000000020000070                htim3
 .bss.huart1    0x00000000200000b8       0x44 build/uart.o
                0x00000000200000b8                huart1
 .bss.huart2    0x00000000200000fc       0x44 build/uart.o
                0x00000000200000fc                huart2
 .bss.buffer    0x0000000020000140       0xc8 build/sim.o
 .bss.hrtc      0x0000000020000208       0x14 build/rtc.o
                0x0000000020000208                hrtc
 .bss.uwTick    0x000000002000021c        0x4 build/stm32f1xx_hal.o
                0x000000002000021c                uwTick
 *(COMMON)
                0x0000000020000220                . = ALIGN (0x4)
                0x0000000020000220                _ebss = .
                0x0000000020000220                __bss_end__ = _ebss

._user_heap_stack
                0x0000000020000220      0x600 load address 0x0000000008001d5c
                0x0000000020000220                . = ALIGN (0x8)
                [!provide]                        PROVIDE (end = .)
                [!provide]                        PROVIDE (_end = .)
                0x0000000020000420                . = (. + _Min_Heap_Size)
 *fill*         0x0000000020000220      0x200 
                0x0000000020000820                . = (. + _Min_Stack_Size)
 *fill*         0x0000000020000420      0x400 
                0x0000000020000820                . = ALIGN (0x8)

/DISCARD/
 libc.a(*)
 libm.a(*)
 libgcc.a(*)

.ARM.attributes
                0x0000000000000000       0x29
 *(.ARM.attributes)
 .ARM.attributes
                0x0000000000000000       0x1d /usr/lib/gcc/arm-none-eabi/10.3.1/thumb/v7-m/nofp/crti.o
 .ARM.attributes
                0x000000000000001d       0x2d /usr/lib/gcc/arm-none-eabi/10.3.1/thumb/v7-m/nofp/crtbegin.o
 .ARM.attributes
                0x000000000000004a       0x2d build/timer.o
 .ARM.attributes
                0x0000000000000077       0x2d build/clock_master.o
 .ARM.attributes
                0x00000000000000a4       0x2d build/gpio.o
 .ARM.attributes
                0x00000000000000d1       0x2d build/uart.o
 .ARM.attributes
                0x00000000000000fe       0x2d build/sim.o
 .ARM.attributes
                0x000000000000012b       0x2d build/debug.o
 .ARM.attributes
                0x0000000000000158       0x2d build/rtc.o
 .ARM.attributes
                0x0000000000000185       0x2d build/main.o
 .ARM.attributes
                0x00000000000001b2       0x2d build/stm32f1xx_it.o
 .ARM.attributes
                0x00000000000001df       0x2d build/stm32f1xx_hal_msp.o
 .ARM.attributes
                0x000000000000020c       0x2d build/stm32f1xx_hal.o
 .ARM.attributes
                0x0000000000000239       0x2d build/stm32f1xx_hal_rcc.o
 .ARM.attributes
                0x0000000000000266       0x2d build/stm32f1xx_hal_rcc_ex.o
 .ARM.attributes
                0x0000000000000293       0x2d build/stm32f1xx_hal_gpio.o
 .ARM.attributes
                0x00000000000002c0       0x2d build/stm32f1xx_hal_dma.o
 .ARM.attributes
                0x00000000000002ed       0x2d build/stm32f1xx_hal_cortex.o
 .ARM.attributes
                0x000000000000031a       0x2d build/stm32f1xx_hal_tim.o
 .ARM.attributes
                0x0000000000000347       0x2d build/stm32f1xx_hal_tim_ex.o
 .ARM.attributes
                0x0000000000000374       0x2d build/stm32f1xx_hal_uart.o
 .ARM.attributes
                0x00000000000003a1       0x2d build/system_stm32f1xx.o
 .ARM.attributes
                0x00000000000003ce       0x2d build/stm32f1xx_hal_rtc_ex.o
 .ARM.attributes
                0x00000000000003fb       0x21 build/startup_stm32f103xb.o
 .ARM.attributes
                0x000000000000041c       0x2d /usr/lib/gcc/arm-none-eabi/10.3.1/../../../arm-none-eabi/lib/thumb/v7-m/nofp/libc_nano.a(lib_a-init.o)
 .ARM.attributes
                0x0000000000000449       0x2d /usr/lib/gcc/arm-none-eabi/10.3.1/../../../arm-none-eabi/lib/thumb/v7-m/nofp/libc_nano.a(lib_a-memset.o)
 .ARM.attributes
                0x0000000000000476       0x2d /usr/lib/gcc/arm-none-eabi/10.3.1/../../../arm-none-eabi/lib/thumb/v7-m/nofp/libc_nano.a(lib_a-strlen-stub.o)
 .ARM.attributes
                0x00000000000004a3       0x2d /usr/lib/gcc/arm-none-eabi/10.3.1/../../../arm-none-eabi/lib/thumb/v7-m/nofp/libc_nano.a(lib_a-strncmp.o)
 .ARM.attributes
                0x00000000000004d0       0x2d /usr/lib/gcc/arm-none-eabi/10.3.1/thumb/v7-m/nofp/crtend.o
 .ARM.attributes
                0x00000000000004fd       0x1d /usr/lib/gcc/arm-none-eabi/10.3.1/thumb/v7-m/nofp/crtn.o
OUTPUT(build/drifter.v3.elf elf32-littlearm)
LOAD linker stubs
LOAD /usr/lib/gcc/arm-none-eabi/10.3.1/../../../arm-none-eabi/lib/thumb/v7-m/nofp/libc.a
LOAD /usr/lib/gcc/arm-none-eabi/10.3.1/../../../arm-none-eabi/lib/thumb/v7-m/nofp/libm.a
LOAD /usr/lib/gcc/arm-none-eabi/10.3.1/thumb/v7-m/nofp/libgcc.a

.comment        0x0000000000000000       0x33
 .comment       0x0000000000000000       0x33 /usr/lib/gcc/arm-none-eabi/10.3.1/thumb/v7-m/nofp/crtbegin.o
                                         0x34 (size before relaxing)
 .comment       0x0000000000000033       0x34 build/timer.o
 .comment       0x0000000000000033       0x34 build/clock_master.o
 .comment       0x0000000000000033       0x34 build/gpio.o
 .comment       0x0000000000000033       0x34 build/uart.o
 .comment       0x0000000000000033       0x34 build/sim.o
 .comment       0x0000000000000033       0x34 build/debug.o
 .comment       0x0000000000000033       0x34 build/rtc.o
 .comment       0x0000000000000033       0x34 build/main.o
 .comment       0x0000000000000033       0x34 build/stm32f1xx_it.o
 .comment       0x0000000000000033       0x34 build/stm32f1xx_hal_msp.o
 .comment       0x0000000000000033       0x34 build/stm32f1xx_hal.o
 .comment       0x0000000000000033       0x34 build/stm32f1xx_hal_rcc.o
 .comment       0x0000000000000033       0x34 build/stm32f1xx_hal_rcc_ex.o
 .comment       0x0000000000000033       0x34 build/stm32f1xx_hal_gpio.o
 .comment       0x0000000000000033       0x34 build/stm32f1xx_hal_dma.o
 .comment       0x0000000000000033       0x34 build/stm32f1xx_hal_cortex.o
 .comment       0x0000000000000033       0x34 build/stm32f1xx_hal_tim.o
 .comment       0x0000000000000033       0x34 build/stm32f1xx_hal_tim_ex.o
 .comment       0x0000000000000033       0x34 build/stm32f1xx_hal_uart.o
 .comment       0x0000000000000033       0x34 build/system_stm32f1xx.o
 .comment       0x0000000000000033       0x34 build/stm32f1xx_hal_rtc_ex.o
 .comment       0x0000000000000033       0x34 /usr/lib/gcc/arm-none-eabi/10.3.1/../../../arm-none-eabi/lib/thumb/v7-m/nofp/libc_nano.a(lib_a-init.o)
 .comment       0x0000000000000033       0x34 /usr/lib/gcc/arm-none-eabi/10.3.1/../../../arm-none-eabi/lib/thumb/v7-m/nofp/libc_nano.a(lib_a-memset.o)
 .comment       0x0000000000000033       0x34 /usr/lib/gcc/arm-none-eabi/10.3.1/../../../arm-none-eabi/lib/thumb/v7-m/nofp/libc_nano.a(lib_a-strlen-stub.o)
 .comment       0x0000000000000033       0x34 /usr/lib/gcc/arm-none-eabi/10.3.1/../../../arm-none-eabi/lib/thumb/v7-m/nofp/libc_nano.a(lib_a-strncmp.o)
 .comment       0x0000000000000033       0x34 /usr/lib/gcc/arm-none-eabi/10.3.1/thumb/v7-m/nofp/crtend.o

.debug_info     0x0000000000000000    0x10092
 .debug_info    0x0000000000000000      0xc8d build/timer.o
 .debug_info    0x0000000000000c8d      0x39a build/clock_master.o
 .debug_info    0x0000000000001027      0x577 build/gpio.o
 .debug_info    0x000000000000159e      0x98e build/uart.o
 .debug_info    0x0000000000001f2c      0xafc build/sim.o
 .debug_info    0x0000000000002a28      0x667 build/debug.o
 .debug_info    0x000000000000308f      0x692 build/rtc.o
 .debug_info    0x0000000000003721      0xb20 build/main.o
 .debug_info    0x0000000000004241      0x15b build/stm32f1xx_it.o
 .debug_info    0x000000000000439c      0x22c build/stm32f1xx_hal_msp.o
 .debug_info    0x00000000000045c8      0x849 build/stm32f1xx_hal.o
 .debug_info    0x0000000000004e11      0xac8 build/stm32f1xx_hal_rcc.o
 .debug_info    0x00000000000058d9      0x461 build/stm32f1xx_hal_rcc_ex.o
 .debug_info    0x0000000000005d3a      0x6bf build/stm32f1xx_hal_gpio.o
 .debug_info    0x00000000000063f9      0x8af build/stm32f1xx_hal_dma.o
 .debug_info    0x0000000000006ca8      0xe09 build/stm32f1xx_hal_cortex.o
 .debug_info    0x0000000000007ab1     0x3de0 build/stm32f1xx_hal_tim.o
 .debug_info    0x000000000000b891     0x1b4f build/stm32f1xx_hal_tim_ex.o
 .debug_info    0x000000000000d3e0     0x1dee build/stm32f1xx_hal_uart.o
 .debug_info    0x000000000000f1ce      0x256 build/system_stm32f1xx.o
 .debug_info    0x000000000000f424      0x82f build/stm32f1xx_hal_rtc_ex.o
 .debug_info    0x000000000000fc53       0x22 build/startup_stm32f103xb.o
 .debug_info    0x000000000000fc75      0x11a /usr/lib/gcc/arm-none-eabi/10.3.1/../../../arm-none-eabi/lib/thumb/v7-m/nofp/libc_nano.a(lib_a-init.o)
 .debug_info    0x000000000000fd8f      0x137 /usr/lib/gcc/arm-none-eabi/10.3.1/../../../arm-none-eabi/lib/thumb/v7-m/nofp/libc_nano.a(lib_a-memset.o)
 .debug_info    0x000000000000fec6       0xbc /usr/lib/gcc/arm-none-eabi/10.3.1/../../../arm-none-eabi/lib/thumb/v7-m/nofp/libc_nano.a(lib_a-strlen-stub.o)
 .debug_info    0x000000000000ff82      0x110 /usr/lib/gcc/arm-none-eabi/10.3.1/../../../arm-none-eabi/lib/thumb/v7-m/nofp/libc_nano.a(lib_a-strncmp.o)

.debug_abbrev   0x0000000000000000     0x2b81
 .debug_abbrev  0x0000000000000000      0x1d3 build/timer.o
 .debug_abbrev  0x00000000000001d3      0x156 build/clock_master.o
 .debug_abbrev  0x0000000000000329      0x174 build/gpio.o
 .debug_abbrev  0x000000000000049d      0x1b6 build/uart.o
 .debug_abbrev  0x0000000000000653      0x215 build/sim.o
 .debug_abbrev  0x0000000000000868      0x1a3 build/debug.o
 .debug_abbrev  0x0000000000000a0b      0x186 build/rtc.o
 .debug_abbrev  0x0000000000000b91      0x23d build/main.o
 .debug_abbrev  0x0000000000000dce       0x81 build/stm32f1xx_it.o
 .debug_abbrev  0x0000000000000e4f       0xe7 build/stm32f1xx_hal_msp.o
 .debug_abbrev  0x0000000000000f36      0x1f7 build/stm32f1xx_hal.o
 .debug_abbrev  0x000000000000112d      0x29a build/stm32f1xx_hal_rcc.o
 .debug_abbrev  0x00000000000013c7      0x1d5 build/stm32f1xx_hal_rcc_ex.o
 .debug_abbrev  0x000000000000159c      0x222 build/stm32f1xx_hal_gpio.o
 .debug_abbrev  0x00000000000017be      0x244 build/stm32f1xx_hal_dma.o
 .debug_abbrev  0x0000000000001a02      0x359 build/stm32f1xx_hal_cortex.o
 .debug_abbrev  0x0000000000001d5b      0x296 build/stm32f1xx_hal_tim.o
 .debug_abbrev  0x0000000000001ff1      0x298 build/stm32f1xx_hal_tim_ex.o
 .debug_abbrev  0x0000000000002289      0x2ab build/stm32f1xx_hal_uart.o
 .debug_abbrev  0x0000000000002534      0x140 build/system_stm32f1xx.o
 .debug_abbrev  0x0000000000002674      0x273 build/stm32f1xx_hal_rtc_ex.o
 .debug_abbrev  0x00000000000028e7       0x12 build/startup_stm32f103xb.o
 .debug_abbrev  0x00000000000028f9       0xcc /usr/lib/gcc/arm-none-eabi/10.3.1/../../../arm-none-eabi/lib/thumb/v7-m/nofp/libc_nano.a(lib_a-init.o)
 .debug_abbrev  0x00000000000029c5       0xb4 /usr/lib/gcc/arm-none-eabi/10.3.1/../../../arm-none-eabi/lib/thumb/v7-m/nofp/libc_nano.a(lib_a-memset.o)
 .debug_abbrev  0x0000000000002a79       0x79 /usr/lib/gcc/arm-none-eabi/10.3.1/../../../arm-none-eabi/lib/thumb/v7-m/nofp/libc_nano.a(lib_a-strlen-stub.o)
 .debug_abbrev  0x0000000000002af2       0x8f /usr/lib/gcc/arm-none-eabi/10.3.1/../../../arm-none-eabi/lib/thumb/v7-m/nofp/libc_nano.a(lib_a-strncmp.o)

.debug_loc      0x0000000000000000     0xd351
 .debug_loc     0x0000000000000000      0x1ea build/timer.o
 .debug_loc     0x00000000000001ea       0x6b build/clock_master.o
 .debug_loc     0x0000000000000255       0x58 build/gpio.o
 .debug_loc     0x00000000000002ad      0x162 build/uart.o
 .debug_loc     0x000000000000040f      0x38c build/sim.o
 .debug_loc     0x000000000000079b       0x92 build/debug.o
 .debug_loc     0x000000000000082d       0xff build/rtc.o
 .debug_loc     0x000000000000092c       0x80 build/main.o
 .debug_loc     0x00000000000009ac       0x20 build/stm32f1xx_it.o
 .debug_loc     0x00000000000009cc       0x41 build/stm32f1xx_hal_msp.o
 .debug_loc     0x0000000000000a0d      0x1e1 build/stm32f1xx_hal.o
 .debug_loc     0x0000000000000bee      0x7ee build/stm32f1xx_hal_rcc.o
 .debug_loc     0x00000000000013dc      0x444 build/stm32f1xx_hal_rcc_ex.o
 .debug_loc     0x0000000000001820      0x551 build/stm32f1xx_hal_gpio.o
 .debug_loc     0x0000000000001d71      0x901 build/stm32f1xx_hal_dma.o
 .debug_loc     0x0000000000002672      0x77f build/stm32f1xx_hal_cortex.o
 .debug_loc     0x0000000000002df1     0x530c build/stm32f1xx_hal_tim.o
 .debug_loc     0x00000000000080fd     0x1f3e build/stm32f1xx_hal_tim_ex.o
 .debug_loc     0x000000000000a03b     0x267b build/stm32f1xx_hal_uart.o
 .debug_loc     0x000000000000c6b6       0xff build/system_stm32f1xx.o
 .debug_loc     0x000000000000c7b5      0x6ea build/stm32f1xx_hal_rtc_ex.o
 .debug_loc     0x000000000000ce9f       0xba /usr/lib/gcc/arm-none-eabi/10.3.1/../../../arm-none-eabi/lib/thumb/v7-m/nofp/libc_nano.a(lib_a-init.o)
 .debug_loc     0x000000000000cf59      0x22c /usr/lib/gcc/arm-none-eabi/10.3.1/../../../arm-none-eabi/lib/thumb/v7-m/nofp/libc_nano.a(lib_a-memset.o)
 .debug_loc     0x000000000000d185       0x25 /usr/lib/gcc/arm-none-eabi/10.3.1/../../../arm-none-eabi/lib/thumb/v7-m/nofp/libc_nano.a(lib_a-strlen-stub.o)
 .debug_loc     0x000000000000d1aa      0x1a7 /usr/lib/gcc/arm-none-eabi/10.3.1/../../../arm-none-eabi/lib/thumb/v7-m/nofp/libc_nano.a(lib_a-strncmp.o)

.debug_aranges  0x0000000000000000      0xe00
 .debug_aranges
                0x0000000000000000       0x48 build/timer.o
 .debug_aranges
                0x0000000000000048       0x20 build/clock_master.o
 .debug_aranges
                0x0000000000000068       0x30 build/gpio.o
 .debug_aranges
                0x0000000000000098       0x38 build/uart.o
 .debug_aranges
                0x00000000000000d0       0x68 build/sim.o
 .debug_aranges
                0x0000000000000138       0x30 build/debug.o
 .debug_aranges
                0x0000000000000168       0x38 build/rtc.o
 .debug_aranges
                0x00000000000001a0       0x48 build/main.o
 .debug_aranges
                0x00000000000001e8       0x60 build/stm32f1xx_it.o
 .debug_aranges
                0x0000000000000248       0x20 build/stm32f1xx_hal_msp.o
 .debug_aranges
                0x0000000000000268       0xe0 build/stm32f1xx_hal.o
 .debug_aranges
                0x0000000000000348       0x90 build/stm32f1xx_hal_rcc.o
 .debug_aranges
                0x00000000000003d8       0x30 build/stm32f1xx_hal_rcc_ex.o
 .debug_aranges
                0x0000000000000408       0x58 build/stm32f1xx_hal_gpio.o
 .debug_aranges
                0x0000000000000460       0x80 build/stm32f1xx_hal_dma.o
 .debug_aranges
                0x00000000000004e0       0x90 build/stm32f1xx_hal_cortex.o
 .debug_aranges
                0x0000000000000570      0x3d0 build/stm32f1xx_hal_tim.o
 .debug_aranges
                0x0000000000000940      0x168 build/stm32f1xx_hal_tim_ex.o
 .debug_aranges
                0x0000000000000aa8      0x200 build/stm32f1xx_hal_uart.o
 .debug_aranges
                0x0000000000000ca8       0x28 build/system_stm32f1xx.o
 .debug_aranges
                0x0000000000000cd0       0x88 build/stm32f1xx_hal_rtc_ex.o
 .debug_aranges
                0x0000000000000d58       0x28 build/startup_stm32f103xb.o
 .debug_aranges
                0x0000000000000d80       0x20 /usr/lib/gcc/arm-none-eabi/10.3.1/../../../arm-none-eabi/lib/thumb/v7-m/nofp/libc_nano.a(lib_a-init.o)
 .debug_aranges
                0x0000000000000da0       0x20 /usr/lib/gcc/arm-none-eabi/10.3.1/../../../arm-none-eabi/lib/thumb/v7-m/nofp/libc_nano.a(lib_a-memset.o)
 .debug_aranges
                0x0000000000000dc0       0x20 /usr/lib/gcc/arm-none-eabi/10.3.1/../../../arm-none-eabi/lib/thumb/v7-m/nofp/libc_nano.a(lib_a-strlen-stub.o)
 .debug_aranges
                0x0000000000000de0       0x20 /usr/lib/gcc/arm-none-eabi/10.3.1/../../../arm-none-eabi/lib/thumb/v7-m/nofp/libc_nano.a(lib_a-strncmp.o)

.debug_ranges   0x0000000000000000      0xcd0
 .debug_ranges  0x0000000000000000       0x38 build/timer.o
 .debug_ranges  0x0000000000000038       0x10 build/clock_master.o
 .debug_ranges  0x0000000000000048       0x20 build/gpio.o
 .debug_ranges  0x0000000000000068       0x28 build/uart.o
 .debug_ranges  0x0000000000000090       0x58 build/sim.o
 .debug_ranges  0x00000000000000e8       0x20 build/debug.o
 .debug_ranges  0x0000000000000108       0x28 build/rtc.o
 .debug_ranges  0x0000000000000130       0x38 build/main.o
 .debug_ranges  0x0000000000000168       0x50 build/stm32f1xx_it.o
 .debug_ranges  0x00000000000001b8       0x10 build/stm32f1xx_hal_msp.o
 .debug_ranges  0x00000000000001c8       0xd0 build/stm32f1xx_hal.o
 .debug_ranges  0x0000000000000298       0xa0 build/stm32f1xx_hal_rcc.o
 .debug_ranges  0x0000000000000338       0x38 build/stm32f1xx_hal_rcc_ex.o
 .debug_ranges  0x0000000000000370       0x48 build/stm32f1xx_hal_gpio.o
 .debug_ranges  0x00000000000003b8       0x70 build/stm32f1xx_hal_dma.o
 .debug_ranges  0x0000000000000428       0xe0 build/stm32f1xx_hal_cortex.o
 .debug_ranges  0x0000000000000508      0x3c0 build/stm32f1xx_hal_tim.o
 .debug_ranges  0x00000000000008c8      0x158 build/stm32f1xx_hal_tim_ex.o
 .debug_ranges  0x0000000000000a20      0x1f0 build/stm32f1xx_hal_uart.o
 .debug_ranges  0x0000000000000c10       0x18 build/system_stm32f1xx.o
 .debug_ranges  0x0000000000000c28       0x78 build/stm32f1xx_hal_rtc_ex.o
 .debug_ranges  0x0000000000000ca0       0x20 build/startup_stm32f103xb.o
 .debug_ranges  0x0000000000000cc0       0x10 /usr/lib/gcc/arm-none-eabi/10.3.1/../../../arm-none-eabi/lib/thumb/v7-m/nofp/libc_nano.a(lib_a-strlen-stub.o)

.debug_line     0x0000000000000000     0xcd62
 .debug_line    0x0000000000000000      0x356 build/timer.o
 .debug_line    0x0000000000000356      0x1e0 build/clock_master.o
 .debug_line    0x0000000000000536      0x1d2 build/gpio.o
 .debug_line    0x0000000000000708      0x30e build/uart.o
 .debug_line    0x0000000000000a16      0x341 build/sim.o
 .debug_line    0x0000000000000d57      0x19e build/debug.o
 .debug_line    0x0000000000000ef5      0x222 build/rtc.o
 .debug_line    0x0000000000001117      0x2a5 build/main.o
 .debug_line    0x00000000000013bc      0x175 build/stm32f1xx_it.o
 .debug_line    0x0000000000001531       0xd7 build/stm32f1xx_hal_msp.o
 .debug_line    0x0000000000001608      0x489 build/stm32f1xx_hal.o
 .debug_line    0x0000000000001a91      0xb87 build/stm32f1xx_hal_rcc.o
 .debug_line    0x0000000000002618      0x3f9 build/stm32f1xx_hal_rcc_ex.o
 .debug_line    0x0000000000002a11      0x53e build/stm32f1xx_hal_gpio.o
 .debug_line    0x0000000000002f4f      0x9ae build/stm32f1xx_hal_dma.o
 .debug_line    0x00000000000038fd      0x594 build/stm32f1xx_hal_cortex.o
 .debug_line    0x0000000000003e91     0x45b9 build/stm32f1xx_hal_tim.o
 .debug_line    0x000000000000844a     0x1ab9 build/stm32f1xx_hal_tim_ex.o
 .debug_line    0x0000000000009f03     0x2016 build/stm32f1xx_hal_uart.o
 .debug_line    0x000000000000bf19      0x1a1 build/system_stm32f1xx.o
 .debug_line    0x000000000000c0ba      0x66e build/stm32f1xx_hal_rtc_ex.o
 .debug_line    0x000000000000c728       0x75 build/startup_stm32f103xb.o
 .debug_line    0x000000000000c79d      0x13f /usr/lib/gcc/arm-none-eabi/10.3.1/../../../arm-none-eabi/lib/thumb/v7-m/nofp/libc_nano.a(lib_a-init.o)
 .debug_line    0x000000000000c8dc      0x1bf /usr/lib/gcc/arm-none-eabi/10.3.1/../../../arm-none-eabi/lib/thumb/v7-m/nofp/libc_nano.a(lib_a-memset.o)
 .debug_line    0x000000000000ca9b       0xf4 /usr/lib/gcc/arm-none-eabi/10.3.1/../../../arm-none-eabi/lib/thumb/v7-m/nofp/libc_nano.a(lib_a-strlen-stub.o)
 .debug_line    0x000000000000cb8f      0x1d3 /usr/lib/gcc/arm-none-eabi/10.3.1/../../../arm-none-eabi/lib/thumb/v7-m/nofp/libc_nano.a(lib_a-strncmp.o)

.debug_str      0x0000000000000000     0x3fa6
 .debug_str     0x0000000000000000      0xa82 build/timer.o
                                        0xb34 (size before relaxing)
 .debug_str     0x0000000000000a82      0x256 build/clock_master.o
                                        0x3dc (size before relaxing)
 .debug_str     0x0000000000000cd8       0xee build/gpio.o
                                        0x581 (size before relaxing)
 .debug_str     0x0000000000000dc6      0x264 build/uart.o
                                        0x66d (size before relaxing)
 .debug_str     0x000000000000102a      0x149 build/sim.o
                                        0x67c (size before relaxing)
 .debug_str     0x0000000000001173       0x2d build/debug.o
                                        0x58c (size before relaxing)
 .debug_str     0x00000000000011a0      0x1c2 build/rtc.o
                                        0x6e1 (size before relaxing)
 .debug_str     0x0000000000001362       0x7c build/main.o
                                        0x7bc (size before relaxing)
 .debug_str     0x00000000000013de       0xb4 build/stm32f1xx_it.o
                                        0x1f1 (size before relaxing)
 .debug_str     0x0000000000001492       0x57 build/stm32f1xx_hal_msp.o
                                        0x1e3 (size before relaxing)
 .debug_str     0x00000000000014e9      0x311 build/stm32f1xx_hal.o
                                        0x7e8 (size before relaxing)
 .debug_str     0x00000000000017fa      0x1fe build/stm32f1xx_hal_rcc.o
                                        0x5da (size before relaxing)
 .debug_str     0x00000000000019f8       0x9c build/stm32f1xx_hal_rcc_ex.o
                                        0x38d (size before relaxing)
 .debug_str     0x0000000000001a94       0xfe build/stm32f1xx_hal_gpio.o
                                        0x3b9 (size before relaxing)
 .debug_str     0x0000000000001b92      0x237 build/stm32f1xx_hal_dma.o
                                        0x5c1 (size before relaxing)
 .debug_str     0x0000000000001dc9      0x391 build/stm32f1xx_hal_cortex.o
                                        0x883 (size before relaxing)
 .debug_str     0x000000000000215a      0xe26 build/stm32f1xx_hal_tim.o
                                       0x15f1 (size before relaxing)
 .debug_str     0x0000000000002f80      0x521 build/stm32f1xx_hal_tim_ex.o
                                        0xdf2 (size before relaxing)
 .debug_str     0x00000000000034a1      0x597 build/stm32f1xx_hal_uart.o
                                        0xc3d (size before relaxing)
 .debug_str     0x0000000000003a38       0x4f build/system_stm32f1xx.o
                                        0x20e (size before relaxing)
 .debug_str     0x0000000000003a87      0x21d build/stm32f1xx_hal_rtc_ex.o
                                        0x55b (size before relaxing)
 .debug_str     0x0000000000003ca4       0x22 build/startup_stm32f103xb.o
                                         0x40 (size before relaxing)
 .debug_str     0x0000000000003cc6      0x168 /usr/lib/gcc/arm-none-eabi/10.3.1/../../../arm-none-eabi/lib/thumb/v7-m/nofp/libc_nano.a(lib_a-init.o)
                                        0x203 (size before relaxing)
 .debug_str     0x0000000000003e2e       0x9f /usr/lib/gcc/arm-none-eabi/10.3.1/../../../arm-none-eabi/lib/thumb/v7-m/nofp/libc_nano.a(lib_a-memset.o)
                                        0x1b8 (size before relaxing)
 .debug_str     0x0000000000003ecd       0xa4 /usr/lib/gcc/arm-none-eabi/10.3.1/../../../arm-none-eabi/lib/thumb/v7-m/nofp/libc_nano.a(lib_a-strlen-stub.o)
                                        0x1b6 (size before relaxing)
 .debug_str     0x0000000000003f71       0x35 /usr/lib/gcc/arm-none-eabi/10.3.1/../../../arm-none-eabi/lib/thumb/v7-m/nofp/libc_nano.a(lib_a-strncmp.o)
                                        0x1a6 (size before relaxing)

.debug_frame    0x0000000000000000     0x22fc
 .debug_frame   0x0000000000000000       0xb8 build/timer.o
 .debug_frame   0x00000000000000b8       0x30 build/clock_master.o
 .debug_frame   0x00000000000000e8       0x60 build/gpio.o
 .debug_frame   0x0000000000000148       0x78 build/uart.o
 .debug_frame   0x00000000000001c0      0x114 build/sim.o
 .debug_frame   0x00000000000002d4       0x58 build/debug.o
 .debug_frame   0x000000000000032c       0x74 build/rtc.o
 .debug_frame   0x00000000000003a0       0x90 build/main.o
 .debug_frame   0x0000000000000430       0xa8 build/stm32f1xx_it.o
 .debug_frame   0x00000000000004d8       0x28 build/stm32f1xx_hal_msp.o
 .debug_frame   0x0000000000000500      0x1cc build/stm32f1xx_hal.o
 .debug_frame   0x00000000000006cc      0x190 build/stm32f1xx_hal_rcc.o
 .debug_frame   0x000000000000085c       0x64 build/stm32f1xx_hal_rcc_ex.o
 .debug_frame   0x00000000000008c0       0xe4 build/stm32f1xx_hal_gpio.o
 .debug_frame   0x00000000000009a4      0x144 build/stm32f1xx_hal_dma.o
 .debug_frame   0x0000000000000ae8      0x118 build/stm32f1xx_hal_cortex.o
 .debug_frame   0x0000000000000c00      0xb18 build/stm32f1xx_hal_tim.o
 .debug_frame   0x0000000000001718      0x40c build/stm32f1xx_hal_tim_ex.o
 .debug_frame   0x0000000000001b24      0x5c4 build/stm32f1xx_hal_uart.o
 .debug_frame   0x00000000000020e8       0x30 build/system_stm32f1xx.o
 .debug_frame   0x0000000000002118      0x134 build/stm32f1xx_hal_rtc_ex.o
 .debug_frame   0x000000000000224c       0x2c /usr/lib/gcc/arm-none-eabi/10.3.1/../../../arm-none-eabi/lib/thumb/v7-m/nofp/libc_nano.a(lib_a-init.o)
 .debug_frame   0x0000000000002278       0x2c /usr/lib/gcc/arm-none-eabi/10.3.1/../../../arm-none-eabi/lib/thumb/v7-m/nofp/libc_nano.a(lib_a-memset.o)
 .debug_frame   0x00000000000022a4       0x20 /usr/lib/gcc/arm-none-eabi/10.3.1/../../../arm-none-eabi/lib/thumb/v7-m/nofp/libc_nano.a(lib_a-strlen-stub.o)
 .debug_frame   0x00000000000022c4       0x38 /usr/lib/gcc/arm-none-eabi/10.3.1/../../../arm-none-eabi/lib/thumb/v7-m/nofp/libc_nano.a(lib_a-strncmp.o)

Cross Reference Table

Symbol                                            File
ADC1_2_IRQHandler                                 build/startup_stm32f103xb.o
ADC_ConversionStop_Disable                        build/stm32f1xx_hal_adc.o
                                                  build/stm32f1xx_hal_adc_ex.o
ADC_DMAConvCplt                                   build/stm32f1xx_hal_adc.o
                                                  build/stm32f1xx_hal_adc_ex.o
ADC_DMAError                                      build/stm32f1xx_hal_adc.o
                                                  build/stm32f1xx_hal_adc_ex.o
ADC_DMAHalfConvCplt                               build/stm32f1xx_hal_adc.o
                                                  build/stm32f1xx_hal_adc_ex.o
ADC_Enable                                        build/stm32f1xx_hal_adc.o
                                                  build/stm32f1xx_hal_adc_ex.o
AHBPrescTable                                     build/system_stm32f1xx.o
                                                  build/stm32f1xx_hal_rcc.o
APBPrescTable                                     build/system_stm32f1xx.o
                                                  build/stm32f1xx_hal_rcc.o
BusFault_Handler                                  build/stm32f1xx_it.o
CAN1_RX1_IRQHandler                               build/startup_stm32f103xb.o
CAN1_SCE_IRQHandler                               build/startup_stm32f103xb.o
DMA1_Channel1_IRQHandler                          build/startup_stm32f103xb.o
DMA1_Channel2_IRQHandler                          build/startup_stm32f103xb.o
DMA1_Channel3_IRQHandler                          build/startup_stm32f103xb.o
DMA1_Channel4_IRQHandler                          build/startup_stm32f103xb.o
DMA1_Channel5_IRQHandler                          build/startup_stm32f103xb.o
DMA1_Channel6_IRQHandler                          build/startup_stm32f103xb.o
DMA1_Channel7_IRQHandler                          build/startup_stm32f103xb.o
DebugMon_Handler                                  build/stm32f1xx_it.o
Default_Handler                                   build/startup_stm32f103xb.o
EXTI0_IRQHandler                                  build/startup_stm32f103xb.o
EXTI15_10_IRQHandler                              build/gpio.o
EXTI1_IRQHandler                                  build/startup_stm32f103xb.o
EXTI2_IRQHandler                                  build/startup_stm32f103xb.o
EXTI3_IRQHandler                                  build/startup_stm32f103xb.o
EXTI4_IRQHandler                                  build/startup_stm32f103xb.o
EXTI9_5_IRQHandler                                build/startup_stm32f103xb.o
Error_Handler                                     build/main.o
                                                  build/rtc.o
                                                  build/uart.o
                                                  build/i2c.o
                                                  build/adc.o
                                                  build/clock_master.o
                                                  build/timer.o
FLASH_IRQHandler                                  build/startup_stm32f103xb.o
FLASH_PageErase                                   build/stm32f1xx_hal_flash_ex.o
                                                  build/stm32f1xx_hal_flash.o
FLASH_WaitForLastOperation                        build/stm32f1xx_hal_flash.o
                                                  build/stm32f1xx_hal_flash_ex.o
HAL_ADCEx_Calibration_Start                       build/stm32f1xx_hal_adc_ex.o
HAL_ADCEx_InjectedConfigChannel                   build/stm32f1xx_hal_adc_ex.o
HAL_ADCEx_InjectedConvCpltCallback                build/stm32f1xx_hal_adc_ex.o
                                                  build/stm32f1xx_hal_adc.o
HAL_ADCEx_InjectedGetValue                        build/stm32f1xx_hal_adc_ex.o
HAL_ADCEx_InjectedPollForConversion               build/stm32f1xx_hal_adc_ex.o
HAL_ADCEx_InjectedStart                           build/stm32f1xx_hal_adc_ex.o
HAL_ADCEx_InjectedStart_IT                        build/stm32f1xx_hal_adc_ex.o
HAL_ADCEx_InjectedStop                            build/stm32f1xx_hal_adc_ex.o
HAL_ADCEx_InjectedStop_IT                         build/stm32f1xx_hal_adc_ex.o
HAL_ADCEx_MultiModeConfigChannel                  build/stm32f1xx_hal_adc_ex.o
HAL_ADCEx_MultiModeGetValue                       build/stm32f1xx_hal_adc_ex.o
HAL_ADCEx_MultiModeStart_DMA                      build/stm32f1xx_hal_adc_ex.o
HAL_ADCEx_MultiModeStop_DMA                       build/stm32f1xx_hal_adc_ex.o
HAL_ADC_AnalogWDGConfig                           build/stm32f1xx_hal_adc.o
HAL_ADC_ConfigChannel                             build/stm32f1xx_hal_adc.o
                                                  build/adc.o
HAL_ADC_ConvCpltCallback                          build/stm32f1xx_hal_adc.o
HAL_ADC_ConvHalfCpltCallback                      build/stm32f1xx_hal_adc.o
HAL_ADC_DeInit                                    build/stm32f1xx_hal_adc.o
HAL_ADC_ErrorCallback                             build/stm32f1xx_hal_adc.o
HAL_ADC_GetError                                  build/stm32f1xx_hal_adc.o
HAL_ADC_GetState                                  build/stm32f1xx_hal_adc.o
HAL_ADC_GetValue                                  build/stm32f1xx_hal_adc.o
HAL_ADC_IRQHandler                                build/stm32f1xx_hal_adc.o
HAL_ADC_Init                                      build/stm32f1xx_hal_adc.o
                                                  build/adc.o
HAL_ADC_LevelOutOfWindowCallback                  build/stm32f1xx_hal_adc.o
HAL_ADC_MspDeInit                                 build/adc.o
HAL_ADC_MspInit                                   build/adc.o
HAL_ADC_PollForConversion                         build/stm32f1xx_hal_adc.o
HAL_ADC_PollForEvent                              build/stm32f1xx_hal_adc.o
HAL_ADC_Start                                     build/stm32f1xx_hal_adc.o
HAL_ADC_Start_DMA                                 build/stm32f1xx_hal_adc.o
HAL_ADC_Start_IT                                  build/stm32f1xx_hal_adc.o
HAL_ADC_Stop                                      build/stm32f1xx_hal_adc.o
HAL_ADC_Stop_DMA                                  build/stm32f1xx_hal_adc.o
HAL_ADC_Stop_IT                                   build/stm32f1xx_hal_adc.o
HAL_DBGMCU_DisableDBGSleepMode                    build/stm32f1xx_hal.o
HAL_DBGMCU_DisableDBGStandbyMode                  build/stm32f1xx_hal.o
HAL_DBGMCU_DisableDBGStopMode                     build/stm32f1xx_hal.o
HAL_DBGMCU_EnableDBGSleepMode                     build/stm32f1xx_hal.o
HAL_DBGMCU_EnableDBGStandbyMode                   build/stm32f1xx_hal.o
HAL_DBGMCU_EnableDBGStopMode                      build/stm32f1xx_hal.o
HAL_DMA_Abort                                     build/stm32f1xx_hal_dma.o
                                                  build/stm32f1xx_hal_adc_ex.o
                                                  build/stm32f1xx_hal_adc.o
                                                  build/stm32f1xx_hal_uart.o
                                                  build/stm32f1xx_hal_spi.o
HAL_DMA_Abort_IT                                  build/stm32f1xx_hal_dma.o
                                                  build/stm32f1xx_hal_i2c.o
                                                  build/stm32f1xx_hal_uart.o
                                                  build/stm32f1xx_hal_tim_ex.o
                                                  build/stm32f1xx_hal_tim.o
                                                  build/stm32f1xx_hal_spi.o
HAL_DMA_DeInit                                    build/stm32f1xx_hal_dma.o
HAL_DMA_GetError                                  build/stm32f1xx_hal_dma.o
                                                  build/stm32f1xx_hal_uart.o
HAL_DMA_GetState                                  build/stm32f1xx_hal_dma.o
                                                  build/stm32f1xx_hal_i2c.o
HAL_DMA_IRQHandler                                build/stm32f1xx_hal_dma.o
HAL_DMA_Init                                      build/stm32f1xx_hal_dma.o
HAL_DMA_PollForTransfer                           build/stm32f1xx_hal_dma.o
HAL_DMA_RegisterCallback                          build/stm32f1xx_hal_dma.o
HAL_DMA_Start                                     build/stm32f1xx_hal_dma.o
HAL_DMA_Start_IT                                  build/stm32f1xx_hal_dma.o
                                                  build/stm32f1xx_hal_i2c.o
                                                  build/stm32f1xx_hal_adc_ex.o
                                                  build/stm32f1xx_hal_adc.o
                                                  build/stm32f1xx_hal_uart.o
                                                  build/stm32f1xx_hal_tim_ex.o
                                                  build/stm32f1xx_hal_tim.o
                                                  build/stm32f1xx_hal_spi.o
HAL_DMA_UnRegisterCallback                        build/stm32f1xx_hal_dma.o
HAL_DeInit                                        build/stm32f1xx_hal.o
HAL_Delay                                         build/stm32f1xx_hal.o
                                                  build/main.o
                                                  build/sim.o
HAL_EXTI_ClearConfigLine                          build/stm32f1xx_hal_exti.o
HAL_EXTI_ClearPending                             build/stm32f1xx_hal_exti.o
HAL_EXTI_GenerateSWI                              build/stm32f1xx_hal_exti.o
HAL_EXTI_GetConfigLine                            build/stm32f1xx_hal_exti.o
HAL_EXTI_GetHandle                                build/stm32f1xx_hal_exti.o
HAL_EXTI_GetPending                               build/stm32f1xx_hal_exti.o
HAL_EXTI_IRQHandler                               build/stm32f1xx_hal_exti.o
HAL_EXTI_RegisterCallback                         build/stm32f1xx_hal_exti.o
HAL_EXTI_SetConfigLine                            build/stm32f1xx_hal_exti.o
HAL_FLASHEx_Erase                                 build/stm32f1xx_hal_flash_ex.o
HAL_FLASHEx_Erase_IT                              build/stm32f1xx_hal_flash_ex.o
HAL_FLASHEx_OBErase                               build/stm32f1xx_hal_flash_ex.o
HAL_FLASHEx_OBGetConfig                           build/stm32f1xx_hal_flash_ex.o
HAL_FLASHEx_OBGetUserData                         build/stm32f1xx_hal_flash_ex.o
HAL_FLASHEx_OBProgram                             build/stm32f1xx_hal_flash_ex.o
HAL_FLASH_EndOfOperationCallback                  build/stm32f1xx_hal_flash.o
HAL_FLASH_GetError                                build/stm32f1xx_hal_flash.o
HAL_FLASH_IRQHandler                              build/stm32f1xx_hal_flash.o
HAL_FLASH_Lock                                    build/stm32f1xx_hal_flash.o
HAL_FLASH_OB_Launch                               build/stm32f1xx_hal_flash.o
HAL_FLASH_OB_Lock                                 build/stm32f1xx_hal_flash.o
HAL_FLASH_OB_Unlock                               build/stm32f1xx_hal_flash.o
HAL_FLASH_OperationErrorCallback                  build/stm32f1xx_hal_flash.o
HAL_FLASH_Program                                 build/stm32f1xx_hal_flash.o
HAL_FLASH_Program_IT                              build/stm32f1xx_hal_flash.o
HAL_FLASH_Unlock                                  build/stm32f1xx_hal_flash.o
HAL_GPIOEx_ConfigEventout                         build/stm32f1xx_hal_gpio_ex.o
HAL_GPIOEx_DisableEventout                        build/stm32f1xx_hal_gpio_ex.o
HAL_GPIOEx_EnableEventout                         build/stm32f1xx_hal_gpio_ex.o
HAL_GPIO_DeInit                                   build/stm32f1xx_hal_gpio.o
                                                  build/spi.o
                                                  build/uart.o
                                                  build/i2c.o
                                                  build/adc.o
HAL_GPIO_EXTI_Callback                            build/stm32f1xx_hal_gpio.o
HAL_GPIO_EXTI_IRQHandler                          build/stm32f1xx_hal_gpio.o
                                                  build/gpio.o
HAL_GPIO_Init                                     build/stm32f1xx_hal_gpio.o
                                                  build/stm32f1xx_hal_rcc.o
                                                  build/spi.o
                                                  build/uart.o
                                                  build/i2c.o
                                                  build/adc.o
                                                  build/gpio.o
HAL_GPIO_LockPin                                  build/stm32f1xx_hal_gpio.o
HAL_GPIO_ReadPin                                  build/stm32f1xx_hal_gpio.o
HAL_GPIO_TogglePin                                build/stm32f1xx_hal_gpio.o
HAL_GPIO_WritePin                                 build/stm32f1xx_hal_gpio.o
                                                  build/main.o
                                                  build/gpio.o
HAL_GetDEVID                                      build/stm32f1xx_hal.o
HAL_GetHalVersion                                 build/stm32f1xx_hal.o
HAL_GetREVID                                      build/stm32f1xx_hal.o
HAL_GetTick                                       build/stm32f1xx_hal.o
                                                  build/stm32f1xx_hal_rtc_ex.o
                                                  build/stm32f1xx_hal_rtc.o
                                                  build/stm32f1xx_hal_iwdg.o
                                                  build/stm32f1xx_hal_i2c.o
                                                  build/stm32f1xx_hal_adc_ex.o
                                                  build/stm32f1xx_hal_adc.o
                                                  build/stm32f1xx_hal_uart.o
                                                  build/stm32f1xx_hal_flash.o
                                                  build/stm32f1xx_hal_dma.o
                                                  build/stm32f1xx_hal_rcc_ex.o
                                                  build/stm32f1xx_hal_rcc.o
                                                  build/stm32f1xx_hal_spi.o
HAL_GetTickFreq                                   build/stm32f1xx_hal.o
HAL_GetTickPrio                                   build/stm32f1xx_hal.o
HAL_GetUIDw0                                      build/stm32f1xx_hal.o
HAL_GetUIDw1                                      build/stm32f1xx_hal.o
HAL_GetUIDw2                                      build/stm32f1xx_hal.o
HAL_HalfDuplex_EnableReceiver                     build/stm32f1xx_hal_uart.o
HAL_HalfDuplex_EnableTransmitter                  build/stm32f1xx_hal_uart.o
HAL_HalfDuplex_Init                               build/stm32f1xx_hal_uart.o
HAL_I2C_AbortCpltCallback                         build/stm32f1xx_hal_i2c.o
HAL_I2C_AddrCallback                              build/stm32f1xx_hal_i2c.o
HAL_I2C_DeInit                                    build/stm32f1xx_hal_i2c.o
HAL_I2C_DisableListen_IT                          build/stm32f1xx_hal_i2c.o
HAL_I2C_ER_IRQHandler                             build/stm32f1xx_hal_i2c.o
HAL_I2C_EV_IRQHandler                             build/stm32f1xx_hal_i2c.o
HAL_I2C_EnableListen_IT                           build/stm32f1xx_hal_i2c.o
HAL_I2C_ErrorCallback                             build/stm32f1xx_hal_i2c.o
HAL_I2C_GetError                                  build/stm32f1xx_hal_i2c.o
HAL_I2C_GetMode                                   build/stm32f1xx_hal_i2c.o
HAL_I2C_GetState                                  build/stm32f1xx_hal_i2c.o
HAL_I2C_Init                                      build/stm32f1xx_hal_i2c.o
                                                  build/i2c.o
HAL_I2C_IsDeviceReady                             build/stm32f1xx_hal_i2c.o
HAL_I2C_ListenCpltCallback                        build/stm32f1xx_hal_i2c.o
HAL_I2C_MasterRxCpltCallback                      build/stm32f1xx_hal_i2c.o
HAL_I2C_MasterTxCpltCallback                      build/stm32f1xx_hal_i2c.o
HAL_I2C_Master_Abort_IT                           build/stm32f1xx_hal_i2c.o
HAL_I2C_Master_Receive                            build/stm32f1xx_hal_i2c.o
HAL_I2C_Master_Receive_DMA                        build/stm32f1xx_hal_i2c.o
HAL_I2C_Master_Receive_IT                         build/stm32f1xx_hal_i2c.o
HAL_I2C_Master_Seq_Receive_DMA                    build/stm32f1xx_hal_i2c.o
HAL_I2C_Master_Seq_Receive_IT                     build/stm32f1xx_hal_i2c.o
HAL_I2C_Master_Seq_Transmit_DMA                   build/stm32f1xx_hal_i2c.o
HAL_I2C_Master_Seq_Transmit_IT                    build/stm32f1xx_hal_i2c.o
HAL_I2C_Master_Transmit                           build/stm32f1xx_hal_i2c.o
HAL_I2C_Master_Transmit_DMA                       build/stm32f1xx_hal_i2c.o
HAL_I2C_Master_Transmit_IT                        build/stm32f1xx_hal_i2c.o
HAL_I2C_MemRxCpltCallback                         build/stm32f1xx_hal_i2c.o
HAL_I2C_MemTxCpltCallback                         build/stm32f1xx_hal_i2c.o
HAL_I2C_Mem_Read                                  build/stm32f1xx_hal_i2c.o
HAL_I2C_Mem_Read_DMA                              build/stm32f1xx_hal_i2c.o
HAL_I2C_Mem_Read_IT                               build/stm32f1xx_hal_i2c.o
HAL_I2C_Mem_Write                                 build/stm32f1xx_hal_i2c.o
HAL_I2C_Mem_Write_DMA                             build/stm32f1xx_hal_i2c.o
HAL_I2C_Mem_Write_IT                              build/stm32f1xx_hal_i2c.o
HAL_I2C_MspDeInit                                 build/i2c.o
HAL_I2C_MspInit                                   build/i2c.o
HAL_I2C_SlaveRxCpltCallback                       build/stm32f1xx_hal_i2c.o
HAL_I2C_SlaveTxCpltCallback                       build/stm32f1xx_hal_i2c.o
HAL_I2C_Slave_Receive                             build/stm32f1xx_hal_i2c.o
HAL_I2C_Slave_Receive_DMA                         build/stm32f1xx_hal_i2c.o
HAL_I2C_Slave_Receive_IT                          build/stm32f1xx_hal_i2c.o
HAL_I2C_Slave_Seq_Receive_DMA                     build/stm32f1xx_hal_i2c.o
HAL_I2C_Slave_Seq_Receive_IT                      build/stm32f1xx_hal_i2c.o
HAL_I2C_Slave_Seq_Transmit_DMA                    build/stm32f1xx_hal_i2c.o
HAL_I2C_Slave_Seq_Transmit_IT                     build/stm32f1xx_hal_i2c.o
HAL_I2C_Slave_Transmit                            build/stm32f1xx_hal_i2c.o
HAL_I2C_Slave_Transmit_DMA                        build/stm32f1xx_hal_i2c.o
HAL_I2C_Slave_Transmit_IT                         build/stm32f1xx_hal_i2c.o
HAL_IWDG_Init                                     build/stm32f1xx_hal_iwdg.o
HAL_IWDG_Refresh                                  build/stm32f1xx_hal_iwdg.o
HAL_IncTick                                       build/stm32f1xx_hal.o
                                                  build/stm32f1xx_it.o
HAL_Init                                          build/stm32f1xx_hal.o
                                                  build/main.o
HAL_InitTick                                      build/stm32f1xx_hal.o
                                                  build/stm32f1xx_hal_rcc.o
HAL_LIN_Init                                      build/stm32f1xx_hal_uart.o
HAL_LIN_SendBreak                                 build/stm32f1xx_hal_uart.o
HAL_MspDeInit                                     build/stm32f1xx_hal.o
HAL_MspInit                                       build/stm32f1xx_hal_msp.o
HAL_MultiProcessor_EnterMuteMode                  build/stm32f1xx_hal_uart.o
HAL_MultiProcessor_ExitMuteMode                   build/stm32f1xx_hal_uart.o
HAL_MultiProcessor_Init                           build/stm32f1xx_hal_uart.o
HAL_NVIC_ClearPendingIRQ                          build/stm32f1xx_hal_cortex.o
HAL_NVIC_DisableIRQ                               build/stm32f1xx_hal_cortex.o
                                                  build/rtc.o
                                                  build/timer.o
HAL_NVIC_EnableIRQ                                build/stm32f1xx_hal_cortex.o
                                                  build/rtc.o
                                                  build/gpio.o
                                                  build/timer.o
HAL_NVIC_GetActive                                build/stm32f1xx_hal_cortex.o
HAL_NVIC_GetPendingIRQ                            build/stm32f1xx_hal_cortex.o
HAL_NVIC_GetPriority                              build/stm32f1xx_hal_cortex.o
HAL_NVIC_GetPriorityGrouping                      build/stm32f1xx_hal_cortex.o
HAL_NVIC_SetPendingIRQ                            build/stm32f1xx_hal_cortex.o
HAL_NVIC_SetPriority                              build/stm32f1xx_hal_cortex.o
                                                  build/stm32f1xx_hal.o
                                                  build/rtc.o
                                                  build/gpio.o
                                                  build/timer.o
HAL_NVIC_SetPriorityGrouping                      build/stm32f1xx_hal_cortex.o
                                                  build/stm32f1xx_hal.o
HAL_NVIC_SystemReset                              build/stm32f1xx_hal_cortex.o
                                                  build/stm32f1xx_hal_flash.o
HAL_PWR_ConfigPVD                                 build/stm32f1xx_hal_pwr.o
HAL_PWR_DeInit                                    build/stm32f1xx_hal_pwr.o
HAL_PWR_DisableBkUpAccess                         build/stm32f1xx_hal_pwr.o
HAL_PWR_DisablePVD                                build/stm32f1xx_hal_pwr.o
HAL_PWR_DisableSEVOnPend                          build/stm32f1xx_hal_pwr.o
HAL_PWR_DisableSleepOnExit                        build/stm32f1xx_hal_pwr.o
HAL_PWR_DisableWakeUpPin                          build/stm32f1xx_hal_pwr.o
HAL_PWR_EnableBkUpAccess                          build/stm32f1xx_hal_pwr.o
                                                  build/rtc.o
HAL_PWR_EnablePVD                                 build/stm32f1xx_hal_pwr.o
HAL_PWR_EnableSEVOnPend                           build/stm32f1xx_hal_pwr.o
HAL_PWR_EnableSleepOnExit                         build/stm32f1xx_hal_pwr.o
HAL_PWR_EnableWakeUpPin                           build/stm32f1xx_hal_pwr.o
HAL_PWR_EnterSLEEPMode                            build/stm32f1xx_hal_pwr.o
HAL_PWR_EnterSTANDBYMode                          build/stm32f1xx_hal_pwr.o
HAL_PWR_EnterSTOPMode                             build/stm32f1xx_hal_pwr.o
HAL_PWR_PVDCallback                               build/stm32f1xx_hal_pwr.o
HAL_PWR_PVD_IRQHandler                            build/stm32f1xx_hal_pwr.o
HAL_RCCEx_GetPeriphCLKConfig                      build/stm32f1xx_hal_rcc_ex.o
HAL_RCCEx_GetPeriphCLKFreq                        build/stm32f1xx_hal_rcc_ex.o
                                                  build/stm32f1xx_hal_rtc.o
                                                  build/stm32f1xx_hal_adc_ex.o
                                                  build/stm32f1xx_hal_adc.o
HAL_RCCEx_PeriphCLKConfig                         build/stm32f1xx_hal_rcc_ex.o
                                                  build/clock_master.o
HAL_RCC_CSSCallback                               build/stm32f1xx_hal_rcc.o
HAL_RCC_ClockConfig                               build/stm32f1xx_hal_rcc.o
                                                  build/clock_master.o
HAL_RCC_DeInit                                    build/stm32f1xx_hal_rcc.o
HAL_RCC_DisableCSS                                build/stm32f1xx_hal_rcc.o
HAL_RCC_EnableCSS                                 build/stm32f1xx_hal_rcc.o
HAL_RCC_GetClockConfig                            build/stm32f1xx_hal_rcc.o
HAL_RCC_GetHCLKFreq                               build/stm32f1xx_hal_rcc.o
HAL_RCC_GetOscConfig                              build/stm32f1xx_hal_rcc.o
HAL_RCC_GetPCLK1Freq                              build/stm32f1xx_hal_rcc.o
                                                  build/stm32f1xx_hal_i2c.o
                                                  build/stm32f1xx_hal_uart.o
HAL_RCC_GetPCLK2Freq                              build/stm32f1xx_hal_rcc.o
                                                  build/stm32f1xx_hal_uart.o
                                                  build/stm32f1xx_hal_rcc_ex.o
HAL_RCC_GetSysClockFreq                           build/stm32f1xx_hal_rcc.o
HAL_RCC_MCOConfig                                 build/stm32f1xx_hal_rcc.o
HAL_RCC_NMI_IRQHandler                            build/stm32f1xx_hal_rcc.o
HAL_RCC_OscConfig                                 build/stm32f1xx_hal_rcc.o
                                                  build/clock_master.o
HAL_RTCEx_BKUPRead                                build/stm32f1xx_hal_rtc_ex.o
HAL_RTCEx_BKUPWrite                               build/stm32f1xx_hal_rtc_ex.o
HAL_RTCEx_DeactivateSecond                        build/stm32f1xx_hal_rtc_ex.o
HAL_RTCEx_DeactivateTamper                        build/stm32f1xx_hal_rtc_ex.o
HAL_RTCEx_PollForTamper1Event                     build/stm32f1xx_hal_rtc_ex.o
HAL_RTCEx_RTCEventCallback                        build/stm32f1xx_hal_rtc_ex.o
HAL_RTCEx_RTCEventErrorCallback                   build/stm32f1xx_hal_rtc_ex.o
HAL_RTCEx_RTCIRQHandler                           build/stm32f1xx_hal_rtc_ex.o
                                                  build/rtc.o
HAL_RTCEx_SetSecond_IT                            build/stm32f1xx_hal_rtc_ex.o
HAL_RTCEx_SetSmoothCalib                          build/stm32f1xx_hal_rtc_ex.o
HAL_RTCEx_SetTamper                               build/stm32f1xx_hal_rtc_ex.o
HAL_RTCEx_SetTamper_IT                            build/stm32f1xx_hal_rtc_ex.o
HAL_RTCEx_Tamper1EventCallback                    build/stm32f1xx_hal_rtc_ex.o
HAL_RTCEx_TamperIRQHandler                        build/stm32f1xx_hal_rtc_ex.o
HAL_RTC_AlarmAEventCallback                       build/stm32f1xx_hal_rtc.o
HAL_RTC_AlarmIRQHandler                           build/stm32f1xx_hal_rtc.o
HAL_RTC_DeInit                                    build/stm32f1xx_hal_rtc.o
HAL_RTC_DeactivateAlarm                           build/stm32f1xx_hal_rtc.o
HAL_RTC_GetAlarm                                  build/stm32f1xx_hal_rtc.o
HAL_RTC_GetDate                                   build/stm32f1xx_hal_rtc.o
HAL_RTC_GetState                                  build/stm32f1xx_hal_rtc.o
HAL_RTC_GetTime                                   build/stm32f1xx_hal_rtc.o
HAL_RTC_Init                                      build/stm32f1xx_hal_rtc.o
                                                  build/rtc.o
HAL_RTC_MspDeInit                                 build/rtc.o
HAL_RTC_MspInit                                   build/rtc.o
HAL_RTC_PollForAlarmAEvent                        build/stm32f1xx_hal_rtc.o
HAL_RTC_SetAlarm                                  build/stm32f1xx_hal_rtc.o
HAL_RTC_SetAlarm_IT                               build/stm32f1xx_hal_rtc.o
HAL_RTC_SetDate                                   build/stm32f1xx_hal_rtc.o
HAL_RTC_SetTime                                   build/stm32f1xx_hal_rtc.o
HAL_RTC_WaitForSynchro                            build/stm32f1xx_hal_rtc.o
HAL_ResumeTick                                    build/stm32f1xx_hal.o
HAL_SPI_Abort                                     build/stm32f1xx_hal_spi.o
HAL_SPI_AbortCpltCallback                         build/stm32f1xx_hal_spi.o
HAL_SPI_Abort_IT                                  build/stm32f1xx_hal_spi.o
HAL_SPI_DMAPause                                  build/stm32f1xx_hal_spi.o
HAL_SPI_DMAResume                                 build/stm32f1xx_hal_spi.o
HAL_SPI_DMAStop                                   build/stm32f1xx_hal_spi.o
HAL_SPI_DeInit                                    build/stm32f1xx_hal_spi.o
HAL_SPI_ErrorCallback                             build/stm32f1xx_hal_spi.o
HAL_SPI_GetError                                  build/stm32f1xx_hal_spi.o
HAL_SPI_GetState                                  build/stm32f1xx_hal_spi.o
HAL_SPI_IRQHandler                                build/stm32f1xx_hal_spi.o
HAL_SPI_Init                                      build/stm32f1xx_hal_spi.o
HAL_SPI_MspDeInit                                 build/spi.o
HAL_SPI_MspInit                                   build/spi.o
HAL_SPI_Receive                                   build/stm32f1xx_hal_spi.o
HAL_SPI_Receive_DMA                               build/stm32f1xx_hal_spi.o
HAL_SPI_Receive_IT                                build/stm32f1xx_hal_spi.o
HAL_SPI_RxCpltCallback                            build/stm32f1xx_hal_spi.o
HAL_SPI_RxHalfCpltCallback                        build/stm32f1xx_hal_spi.o
HAL_SPI_Transmit                                  build/stm32f1xx_hal_spi.o
HAL_SPI_TransmitReceive                           build/stm32f1xx_hal_spi.o
HAL_SPI_TransmitReceive_DMA                       build/stm32f1xx_hal_spi.o
HAL_SPI_TransmitReceive_IT                        build/stm32f1xx_hal_spi.o
HAL_SPI_Transmit_DMA                              build/stm32f1xx_hal_spi.o
HAL_SPI_Transmit_IT                               build/stm32f1xx_hal_spi.o
HAL_SPI_TxCpltCallback                            build/stm32f1xx_hal_spi.o
HAL_SPI_TxHalfCpltCallback                        build/stm32f1xx_hal_spi.o
HAL_SPI_TxRxCpltCallback                          build/stm32f1xx_hal_spi.o
HAL_SPI_TxRxHalfCpltCallback                      build/stm32f1xx_hal_spi.o
HAL_SYSTICK_CLKSourceConfig                       build/stm32f1xx_hal_cortex.o
HAL_SYSTICK_Callback                              build/stm32f1xx_hal_cortex.o
HAL_SYSTICK_Config                                build/stm32f1xx_hal_cortex.o
                                                  build/stm32f1xx_hal.o
HAL_SYSTICK_IRQHandler                            build/stm32f1xx_hal_cortex.o
HAL_SetTickFreq                                   build/stm32f1xx_hal.o
HAL_SuspendTick                                   build/stm32f1xx_hal.o
HAL_TIMEx_BreakCallback                           build/stm32f1xx_hal_tim_ex.o
                                                  build/stm32f1xx_hal_tim.o
HAL_TIMEx_CommutCallback                          build/stm32f1xx_hal_tim_ex.o
                                                  build/stm32f1xx_hal_tim.o
HAL_TIMEx_CommutHalfCpltCallback                  build/stm32f1xx_hal_tim_ex.o
HAL_TIMEx_ConfigBreakDeadTime                     build/stm32f1xx_hal_tim_ex.o
HAL_TIMEx_ConfigCommutEvent                       build/stm32f1xx_hal_tim_ex.o
HAL_TIMEx_ConfigCommutEvent_DMA                   build/stm32f1xx_hal_tim_ex.o
HAL_TIMEx_ConfigCommutEvent_IT                    build/stm32f1xx_hal_tim_ex.o
HAL_TIMEx_GetChannelNState                        build/stm32f1xx_hal_tim_ex.o
HAL_TIMEx_HallSensor_DeInit                       build/stm32f1xx_hal_tim_ex.o
HAL_TIMEx_HallSensor_GetState                     build/stm32f1xx_hal_tim_ex.o
HAL_TIMEx_HallSensor_Init                         build/stm32f1xx_hal_tim_ex.o
HAL_TIMEx_HallSensor_MspDeInit                    build/stm32f1xx_hal_tim_ex.o
HAL_TIMEx_HallSensor_MspInit                      build/stm32f1xx_hal_tim_ex.o
HAL_TIMEx_HallSensor_Start                        build/stm32f1xx_hal_tim_ex.o
HAL_TIMEx_HallSensor_Start_DMA                    build/stm32f1xx_hal_tim_ex.o
HAL_TIMEx_HallSensor_Start_IT                     build/stm32f1xx_hal_tim_ex.o
HAL_TIMEx_HallSensor_Stop                         build/stm32f1xx_hal_tim_ex.o
HAL_TIMEx_HallSensor_Stop_DMA                     build/stm32f1xx_hal_tim_ex.o
HAL_TIMEx_HallSensor_Stop_IT                      build/stm32f1xx_hal_tim_ex.o
HAL_TIMEx_MasterConfigSynchronization             build/stm32f1xx_hal_tim_ex.o
                                                  build/timer.o
HAL_TIMEx_OCN_Start                               build/stm32f1xx_hal_tim_ex.o
HAL_TIMEx_OCN_Start_DMA                           build/stm32f1xx_hal_tim_ex.o
HAL_TIMEx_OCN_Start_IT                            build/stm32f1xx_hal_tim_ex.o
HAL_TIMEx_OCN_Stop                                build/stm32f1xx_hal_tim_ex.o
HAL_TIMEx_OCN_Stop_DMA                            build/stm32f1xx_hal_tim_ex.o
HAL_TIMEx_OCN_Stop_IT                             build/stm32f1xx_hal_tim_ex.o
HAL_TIMEx_OnePulseN_Start                         build/stm32f1xx_hal_tim_ex.o
HAL_TIMEx_OnePulseN_Start_IT                      build/stm32f1xx_hal_tim_ex.o
HAL_TIMEx_OnePulseN_Stop                          build/stm32f1xx_hal_tim_ex.o
HAL_TIMEx_OnePulseN_Stop_IT                       build/stm32f1xx_hal_tim_ex.o
HAL_TIMEx_PWMN_Start                              build/stm32f1xx_hal_tim_ex.o
HAL_TIMEx_PWMN_Start_DMA                          build/stm32f1xx_hal_tim_ex.o
HAL_TIMEx_PWMN_Start_IT                           build/stm32f1xx_hal_tim_ex.o
HAL_TIMEx_PWMN_Stop                               build/stm32f1xx_hal_tim_ex.o
HAL_TIMEx_PWMN_Stop_DMA                           build/stm32f1xx_hal_tim_ex.o
HAL_TIMEx_PWMN_Stop_IT                            build/stm32f1xx_hal_tim_ex.o
HAL_TIMEx_RemapConfig                             build/stm32f1xx_hal_tim_ex.o
HAL_TIM_Base_DeInit                               build/stm32f1xx_hal_tim.o
HAL_TIM_Base_GetState                             build/stm32f1xx_hal_tim.o
HAL_TIM_Base_Init                                 build/stm32f1xx_hal_tim.o
                                                  build/timer.o
HAL_TIM_Base_MspDeInit                            build/timer.o
HAL_TIM_Base_MspInit                              build/timer.o
HAL_TIM_Base_Start                                build/stm32f1xx_hal_tim.o
HAL_TIM_Base_Start_DMA                            build/stm32f1xx_hal_tim.o
HAL_TIM_Base_Start_IT                             build/stm32f1xx_hal_tim.o
HAL_TIM_Base_Stop                                 build/stm32f1xx_hal_tim.o
HAL_TIM_Base_Stop_DMA                             build/stm32f1xx_hal_tim.o
HAL_TIM_Base_Stop_IT                              build/stm32f1xx_hal_tim.o
HAL_TIM_ConfigClockSource                         build/stm32f1xx_hal_tim.o
                                                  build/timer.o
HAL_TIM_ConfigOCrefClear                          build/stm32f1xx_hal_tim.o
HAL_TIM_ConfigTI1Input                            build/stm32f1xx_hal_tim.o
HAL_TIM_DMABurstState                             build/stm32f1xx_hal_tim.o
HAL_TIM_DMABurst_MultiReadStart                   build/stm32f1xx_hal_tim.o
HAL_TIM_DMABurst_MultiWriteStart                  build/stm32f1xx_hal_tim.o
HAL_TIM_DMABurst_ReadStart                        build/stm32f1xx_hal_tim.o
HAL_TIM_DMABurst_ReadStop                         build/stm32f1xx_hal_tim.o
HAL_TIM_DMABurst_WriteStart                       build/stm32f1xx_hal_tim.o
HAL_TIM_DMABurst_WriteStop                        build/stm32f1xx_hal_tim.o
HAL_TIM_Encoder_DeInit                            build/stm32f1xx_hal_tim.o
HAL_TIM_Encoder_GetState                          build/stm32f1xx_hal_tim.o
HAL_TIM_Encoder_Init                              build/stm32f1xx_hal_tim.o
HAL_TIM_Encoder_MspDeInit                         build/stm32f1xx_hal_tim.o
HAL_TIM_Encoder_MspInit                           build/stm32f1xx_hal_tim.o
HAL_TIM_Encoder_Start                             build/stm32f1xx_hal_tim.o
HAL_TIM_Encoder_Start_DMA                         build/stm32f1xx_hal_tim.o
HAL_TIM_Encoder_Start_IT                          build/stm32f1xx_hal_tim.o
HAL_TIM_Encoder_Stop                              build/stm32f1xx_hal_tim.o
HAL_TIM_Encoder_Stop_DMA                          build/stm32f1xx_hal_tim.o
HAL_TIM_Encoder_Stop_IT                           build/stm32f1xx_hal_tim.o
HAL_TIM_ErrorCallback                             build/stm32f1xx_hal_tim.o
                                                  build/stm32f1xx_hal_tim_ex.o
HAL_TIM_GenerateEvent                             build/stm32f1xx_hal_tim.o
HAL_TIM_GetActiveChannel                          build/stm32f1xx_hal_tim.o
HAL_TIM_GetChannelState                           build/stm32f1xx_hal_tim.o
HAL_TIM_IC_CaptureCallback                        build/stm32f1xx_hal_tim.o
HAL_TIM_IC_CaptureHalfCpltCallback                build/stm32f1xx_hal_tim.o
HAL_TIM_IC_ConfigChannel                          build/stm32f1xx_hal_tim.o
HAL_TIM_IC_DeInit                                 build/stm32f1xx_hal_tim.o
HAL_TIM_IC_GetState                               build/stm32f1xx_hal_tim.o
HAL_TIM_IC_Init                                   build/stm32f1xx_hal_tim.o
HAL_TIM_IC_MspDeInit                              build/stm32f1xx_hal_tim.o
HAL_TIM_IC_MspInit                                build/stm32f1xx_hal_tim.o
HAL_TIM_IC_Start                                  build/stm32f1xx_hal_tim.o
HAL_TIM_IC_Start_DMA                              build/stm32f1xx_hal_tim.o
HAL_TIM_IC_Start_IT                               build/stm32f1xx_hal_tim.o
HAL_TIM_IC_Stop                                   build/stm32f1xx_hal_tim.o
HAL_TIM_IC_Stop_DMA                               build/stm32f1xx_hal_tim.o
HAL_TIM_IC_Stop_IT                                build/stm32f1xx_hal_tim.o
HAL_TIM_IRQHandler                                build/stm32f1xx_hal_tim.o
                                                  build/timer.o
HAL_TIM_OC_ConfigChannel                          build/stm32f1xx_hal_tim.o
HAL_TIM_OC_DeInit                                 build/stm32f1xx_hal_tim.o
HAL_TIM_OC_DelayElapsedCallback                   build/stm32f1xx_hal_tim.o
HAL_TIM_OC_GetState                               build/stm32f1xx_hal_tim.o
HAL_TIM_OC_Init                                   build/stm32f1xx_hal_tim.o
HAL_TIM_OC_MspDeInit                              build/stm32f1xx_hal_tim.o
HAL_TIM_OC_MspInit                                build/stm32f1xx_hal_tim.o
HAL_TIM_OC_Start                                  build/stm32f1xx_hal_tim.o
HAL_TIM_OC_Start_DMA                              build/stm32f1xx_hal_tim.o
HAL_TIM_OC_Start_IT                               build/stm32f1xx_hal_tim.o
HAL_TIM_OC_Stop                                   build/stm32f1xx_hal_tim.o
HAL_TIM_OC_Stop_DMA                               build/stm32f1xx_hal_tim.o
HAL_TIM_OC_Stop_IT                                build/stm32f1xx_hal_tim.o
HAL_TIM_OnePulse_ConfigChannel                    build/stm32f1xx_hal_tim.o
HAL_TIM_OnePulse_DeInit                           build/stm32f1xx_hal_tim.o
HAL_TIM_OnePulse_GetState                         build/stm32f1xx_hal_tim.o
HAL_TIM_OnePulse_Init                             build/stm32f1xx_hal_tim.o
HAL_TIM_OnePulse_MspDeInit                        build/stm32f1xx_hal_tim.o
HAL_TIM_OnePulse_MspInit                          build/stm32f1xx_hal_tim.o
HAL_TIM_OnePulse_Start                            build/stm32f1xx_hal_tim.o
HAL_TIM_OnePulse_Start_IT                         build/stm32f1xx_hal_tim.o
HAL_TIM_OnePulse_Stop                             build/stm32f1xx_hal_tim.o
HAL_TIM_OnePulse_Stop_IT                          build/stm32f1xx_hal_tim.o
HAL_TIM_PWM_ConfigChannel                         build/stm32f1xx_hal_tim.o
HAL_TIM_PWM_DeInit                                build/stm32f1xx_hal_tim.o
HAL_TIM_PWM_GetState                              build/stm32f1xx_hal_tim.o
HAL_TIM_PWM_Init                                  build/stm32f1xx_hal_tim.o
HAL_TIM_PWM_MspDeInit                             build/stm32f1xx_hal_tim.o
HAL_TIM_PWM_MspInit                               build/stm32f1xx_hal_tim.o
HAL_TIM_PWM_PulseFinishedCallback                 build/stm32f1xx_hal_tim.o
                                                  build/stm32f1xx_hal_tim_ex.o
HAL_TIM_PWM_PulseFinishedHalfCpltCallback         build/stm32f1xx_hal_tim.o
HAL_TIM_PWM_Start                                 build/stm32f1xx_hal_tim.o
HAL_TIM_PWM_Start_DMA                             build/stm32f1xx_hal_tim.o
HAL_TIM_PWM_Start_IT                              build/stm32f1xx_hal_tim.o
HAL_TIM_PWM_Stop                                  build/stm32f1xx_hal_tim.o
HAL_TIM_PWM_Stop_DMA                              build/stm32f1xx_hal_tim.o
HAL_TIM_PWM_Stop_IT                               build/stm32f1xx_hal_tim.o
HAL_TIM_PeriodElapsedCallback                     build/main.o
HAL_TIM_PeriodElapsedHalfCpltCallback             build/stm32f1xx_hal_tim.o
HAL_TIM_ReadCapturedValue                         build/stm32f1xx_hal_tim.o
HAL_TIM_SlaveConfigSynchro                        build/stm32f1xx_hal_tim.o
HAL_TIM_SlaveConfigSynchro_IT                     build/stm32f1xx_hal_tim.o
HAL_TIM_TriggerCallback                           build/stm32f1xx_hal_tim.o
HAL_TIM_TriggerHalfCpltCallback                   build/stm32f1xx_hal_tim.o
HAL_UARTEx_ReceiveToIdle                          build/stm32f1xx_hal_uart.o
HAL_UARTEx_ReceiveToIdle_DMA                      build/stm32f1xx_hal_uart.o
HAL_UARTEx_ReceiveToIdle_IT                       build/stm32f1xx_hal_uart.o
HAL_UARTEx_RxEventCallback                        build/stm32f1xx_hal_uart.o
HAL_UART_Abort                                    build/stm32f1xx_hal_uart.o
HAL_UART_AbortCpltCallback                        build/stm32f1xx_hal_uart.o
HAL_UART_AbortReceive                             build/stm32f1xx_hal_uart.o
HAL_UART_AbortReceiveCpltCallback                 build/stm32f1xx_hal_uart.o
HAL_UART_AbortReceive_IT                          build/stm32f1xx_hal_uart.o
HAL_UART_AbortTransmit                            build/stm32f1xx_hal_uart.o
HAL_UART_AbortTransmitCpltCallback                build/stm32f1xx_hal_uart.o
HAL_UART_AbortTransmit_IT                         build/stm32f1xx_hal_uart.o
HAL_UART_Abort_IT                                 build/stm32f1xx_hal_uart.o
                                                  build/sim.o
HAL_UART_DMAPause                                 build/stm32f1xx_hal_uart.o
HAL_UART_DMAResume                                build/stm32f1xx_hal_uart.o
HAL_UART_DMAStop                                  build/stm32f1xx_hal_uart.o
HAL_UART_DeInit                                   build/stm32f1xx_hal_uart.o
                                                  build/debug.o
                                                  build/sim.o
HAL_UART_ErrorCallback                            build/stm32f1xx_hal_uart.o
HAL_UART_GetError                                 build/stm32f1xx_hal_uart.o
HAL_UART_GetState                                 build/stm32f1xx_hal_uart.o
HAL_UART_IRQHandler                               build/stm32f1xx_hal_uart.o
HAL_UART_Init                                     build/stm32f1xx_hal_uart.o
                                                  build/uart.o
HAL_UART_MspDeInit                                build/uart.o
HAL_UART_MspInit                                  build/uart.o
HAL_UART_Receive                                  build/stm32f1xx_hal_uart.o
                                                  build/sim.o
HAL_UART_Receive_DMA                              build/stm32f1xx_hal_uart.o
HAL_UART_Receive_IT                               build/stm32f1xx_hal_uart.o
HAL_UART_RxCpltCallback                           build/stm32f1xx_hal_uart.o
HAL_UART_RxHalfCpltCallback                       build/stm32f1xx_hal_uart.o